Archive member included to satisfy reference by file (symbol)

c:/programfiles/arduino-1.8.19/hardware/tools/avr/bin/../lib/gcc/avr/7.3.0/../../../../avr/lib/avr6\libprintf_flt.a(vfprintf_flt.o)
                              (vfprintf)
bin/atmega2560/core/core.a(Print.o)
                              bin/atmega2560/DEBUG/obj/dpy_display.o (Print::write(unsigned char const*, unsigned int))
bin/atmega2560/core/core.a(wiring.o)
                              bin/atmega2560/DEBUG/obj/gsl_systemLoad.o (millis)
bin/atmega2560/core/core.a(wiring_digital.o)
                              bin/atmega2560/DEBUG/obj/asi_arduinoSampleIntegration.o (pinMode)
bin/atmega2560/core/core.a(abi.o)
                              bin/atmega2560/core/core.a(Print.o) (__cxa_pure_virtual)
bin/atmega2560/core/core.a(HardwareSerial.o)
                              bin/atmega2560/DEBUG/obj/stdout.o (HardwareSerial::begin(unsigned long, unsigned char))
bin/atmega2560/core/core.a(HardwareSerial0.o)
                              bin/atmega2560/DEBUG/obj/stdout.o (Serial)
bin/atmega2560/core/core.a(LiquidCrystal.o)
                              bin/atmega2560/DEBUG/obj/dpy_display.o (LiquidCrystal::write(unsigned char))
c:/programfiles/arduino-1.8.19/hardware/tools/avr/bin/../lib/gcc/avr/7.3.0/../../../../avr/lib/avr6\libm.a(addsf3.o)
                              bin/atmega2560/DEBUG/obj/asi_arduinoSampleIntegration.o (__subsf3)
c:/programfiles/arduino-1.8.19/hardware/tools/avr/bin/../lib/gcc/avr/7.3.0/../../../../avr/lib/avr6\libm.a(addsf3x.o)
                              c:/programfiles/arduino-1.8.19/hardware/tools/avr/bin/../lib/gcc/avr/7.3.0/../../../../avr/lib/avr6\libm.a(addsf3.o) (__addsf3x)
c:/programfiles/arduino-1.8.19/hardware/tools/avr/bin/../lib/gcc/avr/7.3.0/../../../../avr/lib/avr6\libm.a(cmpsf2.o)
                              bin/atmega2560/DEBUG/obj/sim_simulateCanReception.o (__ltsf2)
c:/programfiles/arduino-1.8.19/hardware/tools/avr/bin/../lib/gcc/avr/7.3.0/../../../../avr/lib/avr6\libm.a(divsf3.o)
                              bin/atmega2560/DEBUG/obj/sim_simulateCanReception.o (__divsf3)
c:/programfiles/arduino-1.8.19/hardware/tools/avr/bin/../lib/gcc/avr/7.3.0/../../../../avr/lib/avr6\libm.a(divsf3x.o)
                              c:/programfiles/arduino-1.8.19/hardware/tools/avr/bin/../lib/gcc/avr/7.3.0/../../../../avr/lib/avr6\libm.a(divsf3.o) (__divsf3x)
c:/programfiles/arduino-1.8.19/hardware/tools/avr/bin/../lib/gcc/avr/7.3.0/../../../../avr/lib/avr6\libm.a(fixsfdi.o)
                              bin/atmega2560/DEBUG/obj/sim_simulateCanReception.o (__fixunssfdi)
c:/programfiles/arduino-1.8.19/hardware/tools/avr/bin/../lib/gcc/avr/7.3.0/../../../../avr/lib/avr6\libm.a(fixsfsi.o)
                              bin/atmega2560/DEBUG/obj/asi_arduinoSampleIntegration.o (__fixsfsi)
c:/programfiles/arduino-1.8.19/hardware/tools/avr/bin/../lib/gcc/avr/7.3.0/../../../../avr/lib/avr6\libm.a(fixunssfsi.o)
                              bin/atmega2560/DEBUG/obj/sim_simulateCanReception.o (__fixunssfsi)
c:/programfiles/arduino-1.8.19/hardware/tools/avr/bin/../lib/gcc/avr/7.3.0/../../../../avr/lib/avr6\libm.a(floatsisf.o)
                              bin/atmega2560/DEBUG/obj/asi_arduinoSampleIntegration.o (__floatunsisf)
c:/programfiles/arduino-1.8.19/hardware/tools/avr/bin/../lib/gcc/avr/7.3.0/../../../../avr/lib/avr6\libm.a(fp_cmp.o)
                              c:/programfiles/arduino-1.8.19/hardware/tools/avr/bin/../lib/gcc/avr/7.3.0/../../../../avr/lib/avr6\libm.a(cmpsf2.o) (__fp_cmp)
c:/programfiles/arduino-1.8.19/hardware/tools/avr/bin/../lib/gcc/avr/7.3.0/../../../../avr/lib/avr6\libm.a(fp_inf.o)
                              c:/programfiles/arduino-1.8.19/hardware/tools/avr/bin/../lib/gcc/avr/7.3.0/../../../../avr/lib/avr6\libm.a(addsf3x.o) (__fp_inf)
c:/programfiles/arduino-1.8.19/hardware/tools/avr/bin/../lib/gcc/avr/7.3.0/../../../../avr/lib/avr6\libm.a(fp_nan.o)
                              c:/programfiles/arduino-1.8.19/hardware/tools/avr/bin/../lib/gcc/avr/7.3.0/../../../../avr/lib/avr6\libm.a(addsf3x.o) (__fp_nan)
c:/programfiles/arduino-1.8.19/hardware/tools/avr/bin/../lib/gcc/avr/7.3.0/../../../../avr/lib/avr6\libm.a(fp_negdi.o)
                              c:/programfiles/arduino-1.8.19/hardware/tools/avr/bin/../lib/gcc/avr/7.3.0/../../../../avr/lib/avr6\libm.a(fixsfdi.o) (__fp_negdi)
c:/programfiles/arduino-1.8.19/hardware/tools/avr/bin/../lib/gcc/avr/7.3.0/../../../../avr/lib/avr6\libm.a(fp_pscA.o)
                              c:/programfiles/arduino-1.8.19/hardware/tools/avr/bin/../lib/gcc/avr/7.3.0/../../../../avr/lib/avr6\libm.a(addsf3x.o) (__fp_pscA)
c:/programfiles/arduino-1.8.19/hardware/tools/avr/bin/../lib/gcc/avr/7.3.0/../../../../avr/lib/avr6\libm.a(fp_pscB.o)
                              c:/programfiles/arduino-1.8.19/hardware/tools/avr/bin/../lib/gcc/avr/7.3.0/../../../../avr/lib/avr6\libm.a(addsf3x.o) (__fp_pscB)
[...]
Memory Configuration

Name             Origin             Length             Attributes
text             0x00000000         0x00100000         xr
data             0x00800200         0x0000fe00         rw !x
eeprom           0x00810000         0x00010000         rw !x
fuse             0x00820000         0x00000003         rw !x
lock             0x00830000         0x00000400         rw !x
signature        0x00840000         0x00000400         rw !x
user_signatures  0x00850000         0x00000400         rw !x
*default*        0x00000000         0xffffffff

Linker script and memory map

Address of section .data set to 0x800200
LOAD c:/programfiles/arduino-1.8.19/hardware/tools/avr/bin/../lib/gcc/avr/7.3.0/../../../../avr/lib/avr6/crtatmega2560.o
LOAD c:/programfiles/arduino-1.8.19/hardware/tools/avr/bin/../lib/gcc/avr/7.3.0/../../../../avr/lib/avr6\libprintf_flt.a
START GROUP
LOAD bin/atmega2560/core/core.a
LOAD bin/atmega2560/DEBUG/obj/main.o
LOAD bin/atmega2560/DEBUG/obj/gsl_systemLoad.o
LOAD bin/atmega2560/DEBUG/obj/rtos.o
LOAD bin/atmega2560/DEBUG/obj/stdout.o
LOAD bin/atmega2560/DEBUG/obj/ede_eventDispatcherEngine.o
LOAD bin/atmega2560/DEBUG/obj/ede_eventSender.o
LOAD bin/atmega2560/DEBUG/obj/mem_malloc.o
LOAD bin/atmega2560/DEBUG/obj/vsq_threadSafeQueueVariableSize.o
LOAD bin/atmega2560/DEBUG/obj/vsq_dispatcherPortInterface.o
LOAD bin/atmega2560/DEBUG/obj/mpo_mapOffsetOnly.o
LOAD bin/atmega2560/DEBUG/obj/mid_mapIdentity.o
LOAD bin/atmega2560/DEBUG/obj/m16_mapDirectLookupU16.o
LOAD bin/atmega2560/DEBUG/obj/mu8_mapDirectLookupU8.o
LOAD bin/atmega2560/DEBUG/obj/mci_mapBinarySearchCanId.o
LOAD bin/atmega2560/DEBUG/obj/asi_arduinoSampleIntegration.o
LOAD bin/atmega2560/DEBUG/obj/cde_stubs.o
LOAD bin/atmega2560/DEBUG/obj/cap_canApi.o
LOAD bin/atmega2560/DEBUG/obj/cbk_callbacks.o
LOAD bin/atmega2560/DEBUG/obj/chk_checksum.o
LOAD bin/atmega2560/DEBUG/obj/apt_applicationTask.o
LOAD bin/atmega2560/DEBUG/obj/upd_updateDisplay.o
LOAD bin/atmega2560/DEBUG/obj/dpy_display.o
LOAD bin/atmega2560/DEBUG/obj/pwr_computeEnginePower.o
LOAD bin/atmega2560/DEBUG/obj/sim_simulateCanReception.o
LOAD bin/atmega2560/DEBUG/obj/csh_canShield.o
END GROUP
LOAD c:/programfiles/arduino-1.8.19/hardware/tools/avr/bin/../lib/gcc/avr/7.3.0/../../../../avr/lib/avr6\libm.a
START GROUP
LOAD c:/programfiles/arduino-1.8.19/hardware/tools/avr/bin/../lib/gcc/avr/7.3.0/avr6\libgcc.a
LOAD c:/programfiles/arduino-1.8.19/hardware/tools/avr/bin/../lib/gcc/avr/7.3.0/../../../../avr/lib/avr6\libm.a
LOAD c:/programfiles/arduino-1.8.19/hardware/tools/avr/bin/../lib/gcc/avr/7.3.0/../../../../avr/lib/avr6\libc.a
LOAD c:/programfiles/arduino-1.8.19/hardware/tools/avr/bin/../lib/gcc/avr/7.3.0/../../../../avr/lib/avr6\libatmega2560.a
END GROUP
                0x00100000                __TEXT_REGION_LENGTH__ = DEFINED (__TEXT_REGION_LENGTH__)?__TEXT_REGION_LENGTH__:0x100000
                0x0000fe00                __DATA_REGION_LENGTH__ = DEFINED (__DATA_REGION_LENGTH__)?__DATA_REGION_LENGTH__:0xfe00
                0x00010000                __EEPROM_REGION_LENGTH__ = DEFINED (__EEPROM_REGION_LENGTH__)?__EEPROM_REGION_LENGTH__:0x10000
                [0x00000003]                __FUSE_REGION_LENGTH__ = DEFINED (__FUSE_REGION_LENGTH__)?__FUSE_REGION_LENGTH__:0x400
                0x00000400                __LOCK_REGION_LENGTH__ = DEFINED (__LOCK_REGION_LENGTH__)?__LOCK_REGION_LENGTH__:0x400
                0x00000400                __SIGNATURE_REGION_LENGTH__ = DEFINED (__SIGNATURE_REGION_LENGTH__)?__SIGNATURE_REGION_LENGTH__:0x400
                0x00000400                __USER_SIGNATURE_REGION_LENGTH__ = DEFINED (__USER_SIGNATURE_REGION_LENGTH__)?__USER_SIGNATURE_REGION_LENGTH__:0x400
                0x00800200                __DATA_REGION_ORIGIN__ = DEFINED (__DATA_REGION_ORIGIN__)?__DATA_REGION_ORIGIN__:0x800200

.hash
 *(.hash)

.dynsym
 *(.dynsym)

.dynstr
 *(.dynstr)

.gnu.version
 *(.gnu.version)

.gnu.version_d
 *(.gnu.version_d)

.gnu.version_r
 *(.gnu.version_r)

.rel.init
 *(.rel.init)

.rela.init
 *(.rela.init)

.rel.text
 *(.rel.text)
 *(.rel.text.*)
 *(.rel.gnu.linkonce.t*)

.rela.text
 *(.rela.text)
 *(.rela.text.*)
 *(.rela.gnu.linkonce.t*)

.rel.fini
 *(.rel.fini)

.rela.fini
 *(.rela.fini)

.rel.rodata
 *(.rel.rodata)
 *(.rel.rodata.*)
 *(.rel.gnu.linkonce.r*)

.rela.rodata
 *(.rela.rodata)
 *(.rela.rodata.*)
 *(.rela.gnu.linkonce.r*)

.rel.data
 *(.rel.data)
 *(.rel.data.*)
 *(.rel.gnu.linkonce.d*)

.rela.data
 *(.rela.data)
 *(.rela.data.*)
 *(.rela.gnu.linkonce.d*)

.rel.ctors
 *(.rel.ctors)

.rela.ctors
 *(.rela.ctors)

.rel.dtors
 *(.rel.dtors)

.rela.dtors
 *(.rela.dtors)

.rel.got
 *(.rel.got)

.rela.got
 *(.rela.got)

.rel.bss
 *(.rel.bss)

.rela.bss
 *(.rela.bss)

.rel.plt
 *(.rel.plt)

.rela.plt
 *(.rela.plt)

.text           0x00000000     0xaff4
 *(.vectors)
 .vectors       0x00000000       0xe4 c:/programfiles/arduino-1.8.19/hardware/tools/avr/bin/../lib/gcc/avr/7.3.0/../../../../avr/lib/avr6/crtatmega2560.o
                0x00000000                __vector_default
                0x00000000                __vectors
 *(.vectors)
 *(.progmem.gcc*)
                0x000000e4                . = ALIGN (0x2)
                0x000000e4                __trampolines_start = .
 *(.trampolines)
 .trampolines   0x000000e4        0x0 linker stubs
 *(.trampolines*)
                0x000000e4                __trampolines_end = .
 *libprintf_flt.a:*(.progmem.data)
 .progmem.data  0x000000e4        0x8 c:/programfiles/arduino-1.8.19/hardware/tools/avr/bin/../lib/gcc/avr/7.3.0/../../../../avr/lib/avr6\libprintf_flt.a(vfprintf_flt.o)
 *libc.a:*(.progmem.data)
 .progmem.data  0x000000ec       0xfa c:/programfiles/arduino-1.8.19/hardware/tools/avr/bin/../lib/gcc/avr/7.3.0/../../../../avr/lib/avr6\libc.a(ftoa_engine.o)
 *(.progmem*)
 .progmem.rtuinos
                0x000001e6       0xfb bin/atmega2560/DEBUG/obj/rtos.o
                0x000001e6                rtos_rtuinosStartupMsg
 .progmem.data.digital_pin_to_timer_PGM
                0x000002e1       0x46 bin/atmega2560/core/core.a(wiring_digital.o)
                0x000002e1                digital_pin_to_timer_PGM
 .progmem.data.digital_pin_to_bit_mask_PGM
                0x00000327       0x46 bin/atmega2560/core/core.a(wiring_digital.o)
                0x00000327                digital_pin_to_bit_mask_PGM
 .progmem.data.digital_pin_to_port_PGM
                0x0000036d       0x46 bin/atmega2560/core/core.a(wiring_digital.o)
                0x0000036d                digital_pin_to_port_PGM
 .progmem.data.port_to_output_PGM
                0x000003b3       0x1a bin/atmega2560/core/core.a(wiring_digital.o)
                0x000003b3                port_to_output_PGM
 .progmem.data.port_to_mode_PGM
                0x000003cd       0x1a bin/atmega2560/core/core.a(wiring_digital.o)
                0x000003cd                port_to_mode_PGM
                0x000003e8                . = ALIGN (0x2)
 *fill*         0x000003e7        0x1 
 *(.jumptables)
 *(.jumptables*)
 *(.lowtext)
 *(.lowtext*)
                0x000003e8                __ctors_start = .
 *(.ctors)
 .ctors         0x000003e8        0x2 bin/atmega2560/DEBUG/obj/dpy_display.o
 .ctors         0x000003ea        0x2 bin/atmega2560/core/core.a(HardwareSerial0.o)
                0x000003ec                __ctors_end = .
                0x000003ec                __dtors_start = .
 *(.dtors)
                0x000003ec                __dtors_end = .
 SORT(*)(.ctors)
 SORT(*)(.dtors)
 *(.init0)
 .init0         0x000003ec        0x0 c:/programfiles/arduino-1.8.19/hardware/tools/avr/bin/../lib/gcc/avr/7.3.0/../../../../avr/lib/avr6/crtatmega2560.o
                0x000003ec                __init
 *(.init0)
 *(.init1)
 *(.init1)
 *(.init2)
 .init2         0x000003ec       0x10 c:/programfiles/arduino-1.8.19/hardware/tools/avr/bin/../lib/gcc/avr/7.3.0/../../../../avr/lib/avr6/crtatmega2560.o
 *(.init2)
 *(.init3)
 *(.init3)
 *(.init4)
 .init4         0x000003fc       0x1a c:/programfiles/arduino-1.8.19/hardware/tools/avr/bin/../lib/gcc/avr/7.3.0/avr6\libgcc.a(_copy_data.o)
                0x000003fc                __do_copy_data
 .init4         0x00000416       0x10 c:/programfiles/arduino-1.8.19/hardware/tools/avr/bin/../lib/gcc/avr/7.3.0/avr6\libgcc.a(_clear_bss.o)
                0x00000416                __do_clear_bss
 *(.init4)
 *(.init5)
 *(.init5)
 *(.init6)
 .init6         0x00000426       0x20 c:/programfiles/arduino-1.8.19/hardware/tools/avr/bin/../lib/gcc/avr/7.3.0/avr6\libgcc.a(_ctors.o)
                0x00000426                __do_global_ctors
 *(.init6)
 *(.init7)
 *(.init7)
 *(.init8)
 *(.init8)
 *(.init9)
 .init9         0x00000446        0x6 c:/programfiles/arduino-1.8.19/hardware/tools/avr/bin/../lib/gcc/avr/7.3.0/../../../../avr/lib/avr6/crtatmega2560.o
 *(.init9)
 *(.text)
 .text          0x0000044c        0x2 c:/programfiles/arduino-1.8.19/hardware/tools/avr/bin/../lib/gcc/avr/7.3.0/../../../../avr/lib/avr6/crtatmega2560.o
                0x0000044c                __vector_38
                0x0000044c                __vector_22
                0x0000044c                __vector_28
                0x0000044c                __vector_1
                0x0000044c                __vector_32
                0x0000044c                __vector_34
                0x0000044c                __vector_24
                0x0000044c                __vector_12
                0x0000044c                __vector_55
                0x0000044c                __vector_46
                0x0000044c                __bad_interrupt
                0x0000044c                __vector_6
                0x0000044c                __vector_31
                0x0000044c                __vector_35
                0x0000044c                __vector_39
                0x0000044c                __vector_3
                0x0000044c                __vector_30
                0x0000044c                __vector_45
                0x0000044c                __vector_11
                0x0000044c                __vector_54
                0x0000044c                __vector_13
                0x0000044c                __vector_17
                0x0000044c                __vector_19
                0x0000044c                __vector_56
                0x0000044c                __vector_7
                0x0000044c                __vector_49
                0x0000044c                __vector_41
                0x0000044c                __vector_43
                0x0000044c                __vector_27
                0x0000044c                __vector_5
                0x0000044c                __vector_33
                0x0000044c                __vector_47
                0x0000044c                __vector_52
                0x0000044c                __vector_37
                0x0000044c                __vector_4
                0x0000044c                __vector_44
                0x0000044c                __vector_51
                0x0000044c                __vector_9
                0x0000044c                __vector_2
                0x0000044c                __vector_21
                0x0000044c                __vector_36
                0x0000044c                __vector_29
                0x0000044c                __vector_40
                0x0000044c                __vector_8
                0x0000044c                __vector_48
                0x0000044c                __vector_14
                0x0000044c                __vector_53
                0x0000044c                __vector_10
                0x0000044c                __vector_50
                0x0000044c                __vector_16
                0x0000044c                __vector_18
                0x0000044c                __vector_20
                0x0000044c                __vector_42
                0x0000044e                . = ALIGN (0x2)
 *(.text.*)
 .text.avr-libc
                0x0000044e      0x714 c:/programfiles/arduino-1.8.19/hardware/tools/avr/bin/../lib/gcc/avr/7.3.0/../../../../avr/lib/avr6\libprintf_flt.a(vfprintf_flt.o)
                0x0000044e                vfprintf
 .text.yield    0x00000b62        0x2 bin/atmega2560/DEBUG/obj/main.o
                0x00000b62                yield
 .text.main     0x00000b64        0xc bin/atmega2560/DEBUG/obj/main.o
                0x00000b64                main
 .text.gsl_getSystemLoad
                0x00000b70      0x140 bin/atmega2560/DEBUG/obj/gsl_systemLoad.o
                0x00000b70                gsl_getSystemLoad
 .text.rtos_enableIRQTimerTic
                0x00000cb0        0xc bin/atmega2560/DEBUG/obj/rtos.o
                0x00000cb0                rtos_enableIRQTimerTic
 .text.onTimerTic
                0x00000cbc      0x1e4 bin/atmega2560/DEBUG/obj/rtos.o
 .text.__vector_15
                0x00000ea0       0xfa bin/atmega2560/DEBUG/obj/rtos.o
                0x00000ea0                __vector_15
 .text.waitForEvent
                0x00000f9a      0x24c bin/atmega2560/DEBUG/obj/rtos.o
 .text.rtos_waitForEvent
                0x000011e6       0xf6 bin/atmega2560/DEBUG/obj/rtos.o
                0x000011e6                rtos_waitForEvent
 .text.rtos_getTaskOverrunCounter
                0x000012dc       0x34 bin/atmega2560/DEBUG/obj/rtos.o
                0x000012dc                rtos_getTaskOverrunCounter
 .text.rtos_getStackReserve
                0x00001310       0x32 bin/atmega2560/DEBUG/obj/rtos.o
                0x00001310                rtos_getStackReserve
 .text.rtos_initializeTask
                0x00001342      0x214 bin/atmega2560/DEBUG/obj/rtos.o
                0x00001342                rtos_initializeTask
 .text.rtos_initRTOS
                0x00001556      0x1ce bin/atmega2560/DEBUG/obj/rtos.o
                0x00001556                rtos_initRTOS
 .text._ZL14serial_putcharcP6(float, int, long,...)
                0x00001724       0x4a bin/atmega2560/DEBUG/obj/stdout.o
 .text.init_stdout
                0x0000176e       0x32 bin/atmega2560/DEBUG/obj/stdout.o
                0x0000176e                init_stdout
 .text.puts_progmem
                0x000017a0       0x50 bin/atmega2560/DEBUG/obj/stdout.o
                0x000017a0                puts_progmem
 .text.invokeCallback
                0x000017f0       0xc0 bin/atmega2560/DEBUG/obj/ede_eventDispatcherEngine.o
 .text.createTimer
                0x000018b0      0x2f8 bin/atmega2560/DEBUG/obj/ede_eventDispatcherEngine.o
 .text.ede_createDispatcherSystem
                0x00001ba8      0x1d4 bin/atmega2560/DEBUG/obj/ede_eventDispatcherEngine.o
                0x00001ba8                ede_createDispatcherSystem
 .text.ede_createDispatcher
                0x00001d7c      0x226 bin/atmega2560/DEBUG/obj/ede_eventDispatcherEngine.o
                0x00001d7c                ede_createDispatcher
 .text.ede_registerExternalEventSource
                0x00001fa2      0x1a8 bin/atmega2560/DEBUG/obj/ede_eventDispatcherEngine.o
                0x00001fa2                ede_registerExternalEventSource
 .text.ede_registerInternalEventSource
                0x0000214a      0x136 bin/atmega2560/DEBUG/obj/ede_eventDispatcherEngine.o
                0x0000214a                ede_registerInternalEventSource
 .text.ede_dispatcherMain
                0x00002280      0x522 bin/atmega2560/DEBUG/obj/ede_eventDispatcherEngine.o
                0x00002280                ede_dispatcherMain
 .text.ede_createPeriodicTimer
                0x000027a2       0x1c bin/atmega2560/DEBUG/obj/ede_eventDispatcherEngine.o
                0x000027a2                ede_createPeriodicTimer
 .text.ede_createSingleShotTimer
                0x000027be       0x1c bin/atmega2560/DEBUG/obj/ede_eventDispatcherEngine.o
                0x000027be                ede_createSingleShotTimer
 .text.ede_suspendSingleShotTimer
                0x000027da      0x1c4 bin/atmega2560/DEBUG/obj/ede_eventDispatcherEngine.o
                0x000027da                ede_suspendSingleShotTimer
 .text.ede_retriggerSingleShotTimer
                0x0000299e      0x1f2 bin/atmega2560/DEBUG/obj/ede_eventDispatcherEngine.o
                0x0000299e                ede_retriggerSingleShotTimer
 .text.ede_installCallback
                0x00002b90      0x276 bin/atmega2560/DEBUG/obj/ede_eventDispatcherEngine.o
                0x00002b90                ede_installCallback
 .text.ede_getEventSourceData
                0x00002e06       0xa6 bin/atmega2560/DEBUG/obj/ede_eventDispatcherEngine.o
                0x00002e06                ede_getEventSourceData
 .text.ede_getKindOfEvent
                0x00002eac        0x6 bin/atmega2560/DEBUG/obj/ede_eventDispatcherEngine.o
                0x00002eac                ede_getKindOfEvent
 .text.ede_getEventData
                0x00002eb2       0x14 bin/atmega2560/DEBUG/obj/ede_eventDispatcherEngine.o
                0x00002eb2                ede_getEventData
 .text.ede_createSender
                0x00002ec6      0x172 bin/atmega2560/DEBUG/obj/ede_eventSender.o
                0x00002ec6                ede_createSender
 .text.ede_allocEventAtPort
                0x00003038      0x148 bin/atmega2560/DEBUG/obj/ede_eventSender.o
                0x00003038                ede_allocEventAtPort
 .text.ede_submitEventToPort
                0x00003180       0x34 bin/atmega2560/DEBUG/obj/ede_eventSender.o
                0x00003180                ede_submitEventToPort
 .text.ede_postEventToPort
                0x000031b4       0x72 bin/atmega2560/DEBUG/obj/ede_eventSender.o
                0x000031b4                ede_postEventToPort
 .text.mallocChunk
                0x00003226       0xa2 bin/atmega2560/DEBUG/obj/mem_malloc.o
 .text.getNbrOfAvailableBytes
                0x000032c8       0x20 bin/atmega2560/DEBUG/obj/mem_malloc.o
 .text.getNbrOfAllocatedBytes
                0x000032e8        0x8 bin/atmega2560/DEBUG/obj/mem_malloc.o
 .text.mem_createMemoryPool
                0x000032f0       0xc6 bin/atmega2560/DEBUG/obj/mem_malloc.o
                0x000032f0                mem_createMemoryPool
 .text.vsq_getSizeOfQueueHead
                0x000033b6        0x6 bin/atmega2560/DEBUG/obj/vsq_threadSafeQueueVariableSize.o
                0x000033b6                vsq_getSizeOfQueueHead
 .text.vsq_getSizeOfQueueTail
                0x000033bc       0xb6 bin/atmega2560/DEBUG/obj/vsq_threadSafeQueueVariableSize.o
                0x000033bc                vsq_getSizeOfQueueTail
 .text.vsq_createQueueHead
                0x00003472        0xa bin/atmega2560/DEBUG/obj/vsq_threadSafeQueueVariableSize.o
                0x00003472                vsq_createQueueHead
 .text.vsq_createQueueTail
                0x0000347c      0x2b8 bin/atmega2560/DEBUG/obj/vsq_threadSafeQueueVariableSize.o
                0x0000347c                vsq_createQueueTail
 .text.vsq_linkQueueHeadWithTail
                0x00003734       0x10 bin/atmega2560/DEBUG/obj/vsq_threadSafeQueueVariableSize.o
                0x00003734                vsq_linkQueueHeadWithTail
 .text.vsq_linkQueueTailWithHead
                0x00003744       0xa6 bin/atmega2560/DEBUG/obj/vsq_threadSafeQueueVariableSize.o
                0x00003744                vsq_linkQueueTailWithHead
 .text.vsq_allocTailElement
                0x000037ea      0x7b6 bin/atmega2560/DEBUG/obj/vsq_threadSafeQueueVariableSize.o
                0x000037ea                vsq_allocTailElement
 .text.vsq_postTailElement
                0x00003fa0       0xa6 bin/atmega2560/DEBUG/obj/vsq_threadSafeQueueVariableSize.o
                0x00003fa0                vsq_postTailElement
 .text.vsq_readFromHead
                0x00004046      0x1fe bin/atmega2560/DEBUG/obj/vsq_threadSafeQueueVariableSize.o
                0x00004046                vsq_readFromHead
 .text.edePortDisp_freeBuffer
                0x00004244        0x2 bin/atmega2560/DEBUG/obj/vsq_dispatcherPortInterface.o
 .text.edePortDisp_readBuffer
                0x00004246       0xbc bin/atmega2560/DEBUG/obj/vsq_dispatcherPortInterface.o
 .text.edePortSdr_submitBuffer
                0x00004302        0x4 bin/atmega2560/DEBUG/obj/vsq_dispatcherPortInterface.o
 .text.edePortSdr_allocBuffer
                0x00004306        0x8 bin/atmega2560/DEBUG/obj/vsq_dispatcherPortInterface.o
 .text.vsq_createEventQueueHead
                0x0000430e       0x54 bin/atmega2560/DEBUG/obj/vsq_dispatcherPortInterface.o
                0x0000430e                vsq_createEventQueueHead
 .text.vsq_createEventQueueTail
                0x00004362       0x74 bin/atmega2560/DEBUG/obj/vsq_dispatcherPortInterface.o
                0x00004362                vsq_createEventQueueTail
 .text.vsq_createEventQueue
                0x000043d6       0x78 bin/atmega2560/DEBUG/obj/vsq_dispatcherPortInterface.o
                0x000043d6                vsq_createEventQueue
 .text.task100ms
                0x0000444e      0x132 bin/atmega2560/DEBUG/obj/asi_arduinoSampleIntegration.o
 .text.task10ms
                0x00004580      0x132 bin/atmega2560/DEBUG/obj/asi_arduinoSampleIntegration.o
 .text.taskOnCanReceive
                0x000046b2      0x14a bin/atmega2560/DEBUG/obj/asi_arduinoSampleIntegration.o
 .text.setup    0x000047fc       0x82 bin/atmega2560/DEBUG/obj/asi_arduinoSampleIntegration.o
                0x000047fc                setup
 .text.loop     0x0000487e      0x260 bin/atmega2560/DEBUG/obj/asi_arduinoSampleIntegration.o
                0x0000487e                loop
 .text.cde_getCanId
                0x00004ade       0xa6 bin/atmega2560/DEBUG/obj/cde_stubs.o
                0x00004ade                cde_getCanId
 .text.cap_unpack_PT_StateEcu01_1024
                0x00004b84       0x56 bin/atmega2560/DEBUG/obj/cap_canApi.o
                0x00004b84                cap_unpack_PT_StateEcu01_1024
 .text.cap_unpack_PT_StateEcu02_1040
                0x00004bda       0x3e bin/atmega2560/DEBUG/obj/cap_canApi.o
                0x00004bda                cap_unpack_PT_StateEcu02_1040
 .text.cap_unpack_PT_UserLimits_2032
                0x00004c18       0xc8 bin/atmega2560/DEBUG/obj/cap_canApi.o
                0x00004c18                cap_unpack_PT_UserLimits_2032
 .text.cap_pack_PT_InfoPowerDisplay_1536
                0x00004ce0       0x82 bin/atmega2560/DEBUG/obj/cap_canApi.o
                0x00004ce0                cap_pack_PT_InfoPowerDisplay_1536
 .text.cap_pack_PT_StatusPowerDisplay_1537
                0x00004d62       0x8a bin/atmega2560/DEBUG/obj/cap_canApi.o
                0x00004d62                cap_pack_PT_StatusPowerDisplay_1537
 .text.cap_pack_PT_LimitsPowerDisplay_1538
                0x00004dec       0x52 bin/atmega2560/DEBUG/obj/cap_canApi.o
                0x00004dec                cap_pack_PT_LimitsPowerDisplay_1538
 .text.onTimeoutFrame_PT_1040
                0x00004e3e       0x94 bin/atmega2560/DEBUG/obj/cbk_callbacks.o
 .text.onTimeoutFrame_PT_1024
                0x00004ed2       0x94 bin/atmega2560/DEBUG/obj/cbk_callbacks.o
 .text.onInitFrame_PT_1538
                0x00004f66      0x126 bin/atmega2560/DEBUG/obj/cbk_callbacks.o
 .text.onInitFrame_PT_1537
                0x0000508c      0x1b2 bin/atmega2560/DEBUG/obj/cbk_callbacks.o
 .text.onDueCheckEventFrame_PT_1538
                0x0000523e      0x192 bin/atmega2560/DEBUG/obj/cbk_callbacks.o
 .text.onSendFrame_PT_1537
                0x000053d0      0x11a bin/atmega2560/DEBUG/obj/cbk_callbacks.o
 .text.onDueCheckEventFrame_PT_1537
                0x000054ea       0xc0 bin/atmega2560/DEBUG/obj/cbk_callbacks.o
 .text.onInitFrame_PT_1536
                0x000055aa      0x11c bin/atmega2560/DEBUG/obj/cbk_callbacks.o
 .text.onSendFrame_PT_1536
                0x000056c6       0xe2 bin/atmega2560/DEBUG/obj/cbk_callbacks.o
 .text.onInitFrame_PT_2032
                0x000057a8       0x9e bin/atmega2560/DEBUG/obj/cbk_callbacks.o
 .text.onInitFrame_PT_1040
                0x00005846      0x130 bin/atmega2560/DEBUG/obj/cbk_callbacks.o
 .text.onInitFrame_PT_1024
                0x00005976      0x130 bin/atmega2560/DEBUG/obj/cbk_callbacks.o
 .text.onReceiveFrame_PT_2032
                0x00005aa6      0x134 bin/atmega2560/DEBUG/obj/cbk_callbacks.o
 .text.onReceiveFrame_PT_1040
                0x00005bda      0x148 bin/atmega2560/DEBUG/obj/cbk_callbacks.o
 .text.onReceiveFrame_PT_1024
                0x00005d22      0x146 bin/atmega2560/DEBUG/obj/cbk_callbacks.o
 .text.cbk_initInterface
                0x00005e68      0x3e0 bin/atmega2560/DEBUG/obj/cbk_callbacks.o
                0x00005e68                cbk_initInterface
 .text.chk_validateSequenceCounter
                0x00006248       0x7a bin/atmega2560/DEBUG/obj/chk_checksum.o
                0x00006248                chk_validateSequenceCounter
 .text.chk_updateSequenceCounter
                0x000062c2       0x28 bin/atmega2560/DEBUG/obj/chk_checksum.o
                0x000062c2                chk_updateSequenceCounter
 .text.chk_validateChecksum
                0x000062ea       0xc4 bin/atmega2560/DEBUG/obj/chk_checksum.o
                0x000062ea                chk_validateChecksum
 .text.chk_computeChecksum
                0x000063ae      0x150 bin/atmega2560/DEBUG/obj/chk_checksum.o
                0x000063ae                chk_computeChecksum
 .text.getMapValue
                0x000064fe      0x134 bin/atmega2560/DEBUG/obj/apt_applicationTask.o
 .text.checkFrameHandles
                0x00006632      0x122 bin/atmega2560/DEBUG/obj/apt_applicationTask.o
 .text.onInitEvRecovBusOff
                0x00006754       0x9e bin/atmega2560/DEBUG/obj/apt_applicationTask.o
 .text.onBusOnOff
                0x000067f2      0x168 bin/atmega2560/DEBUG/obj/apt_applicationTask.o
 .text.onInitEvBusOff
                0x0000695a      0x1aa bin/atmega2560/DEBUG/obj/apt_applicationTask.o
 .text.csh_callbackOnBusStateChange
                0x00006b04       0xd8 bin/atmega2560/DEBUG/obj/apt_applicationTask.o
                0x00006b04                csh_callbackOnBusStateChange
 .text.csh_callbackOnReceiveCanFrame
                0x00006bdc       0x94 bin/atmega2560/DEBUG/obj/apt_applicationTask.o
                0x00006bdc                csh_callbackOnReceiveCanFrame
 .text.apt_taskInit
                0x00006c70      0x6ae bin/atmega2560/DEBUG/obj/apt_applicationTask.o
                0x00006c70                apt_taskInit
 .text.apt_task10ms
                0x0000731e       0x14 bin/atmega2560/DEBUG/obj/apt_applicationTask.o
                0x0000731e                apt_task10ms
 .text.apt_task100ms
                0x00007332       0x14 bin/atmega2560/DEBUG/obj/apt_applicationTask.o
                0x00007332                apt_task100ms
 .text.upd_updateDisplay
                0x00007346      0x102 bin/atmega2560/DEBUG/obj/upd_updateDisplay.o
                0x00007346                upd_updateDisplay
 .text._ZN5Print17availableForWriteEv
                0x00007448        0x6 bin/atmega2560/DEBUG/obj/dpy_display.o
                0x00007448                Print::availableForWrite()
 .text._ZN5Print5flushEv
                0x0000744e        0x2 bin/atmega2560/DEBUG/obj/dpy_display.o
                0x0000744e                Print::flush()
 .text._ZN13dpy_display_tC2Ev
                0x00007450       0x54 bin/atmega2560/DEBUG/obj/dpy_display.o
                0x00007450                dpy_display_t::dpy_display_t()
                0x00007450                dpy_display_t::dpy_display_t()
 .text._ZN13dpy_display_t13printGreetingEv
                0x000074a4      0x12a bin/atmega2560/DEBUG/obj/dpy_display.o
                0x000074a4                dpy_display_t::printGreeting()
 .text._ZN13dpy_display_t15printBackgroundEv
                0x000075ce       0x94 bin/atmega2560/DEBUG/obj/dpy_display.o
                0x000075ce                dpy_display_t::printBackground()
 .text._ZN13dpy_display_t15printValueAsBarEhh
                0x00007662      0x106 bin/atmega2560/DEBUG/obj/dpy_display.o
                0x00007662                dpy_display_t::printValueAsBar(unsigned char, unsigned char)
 .text._ZN13dpy_display_t13printTqAndPwrEii
                0x00007768      0x1ca bin/atmega2560/DEBUG/obj/dpy_display.o
                0x00007768                dpy_display_t::printTqAndPwr(int, int)
 .text._ZN13dpy_display_t11printStatusEPKc
                0x00007932       0x72 bin/atmega2560/DEBUG/obj/dpy_display.o
                0x00007932                dpy_display_t::printStatus(char const*)
 .text.dpy_printGreeting
                0x000079a4        0x8 bin/atmega2560/DEBUG/obj/dpy_display.o
                0x000079a4                dpy_printGreeting
 .text.dpy_printBackground
                0x000079ac        0x8 bin/atmega2560/DEBUG/obj/dpy_display.o
                0x000079ac                dpy_printBackground
 .text.dpy_printValueAsBar
                0x000079b4        0xc bin/atmega2560/DEBUG/obj/dpy_display.o
                0x000079b4                dpy_printValueAsBar
 .text.dpy_printTqAndPwr
                0x000079c0        0xc bin/atmega2560/DEBUG/obj/dpy_display.o
                0x000079c0                dpy_printTqAndPwr
 .text.dpy_printStatus
                0x000079cc        0xa bin/atmega2560/DEBUG/obj/dpy_display.o
                0x000079cc                dpy_printStatus
 .text._GLOBAL__sub_I_dpy_display
                0x000079d6        0x8 bin/atmega2560/DEBUG/obj/dpy_display.o
 .text.mul_wide_su32
                0x000079de      0x1fe bin/atmega2560/DEBUG/obj/pwr_computeEnginePower.o
                0x000079de                mul_wide_su32
 .text.mul_ssu32_hiSR
                0x00007bdc       0x5c bin/atmega2560/DEBUG/obj/pwr_computeEnginePower.o
                0x00007bdc                mul_ssu32_hiSR
 .text.mul_wide_s32
                0x00007c38      0x256 bin/atmega2560/DEBUG/obj/pwr_computeEnginePower.o
                0x00007c38                mul_wide_s32
 .text.mul_s32_loSR_sat
                0x00007e8e      0x11e bin/atmega2560/DEBUG/obj/pwr_computeEnginePower.o
                0x00007e8e                mul_s32_loSR_sat
 .text.pwr_detectAndCountError
                0x00007fac       0x1a bin/atmega2560/DEBUG/obj/pwr_computeEnginePower.o
                0x00007fac                pwr_detectAndCountError
 .text.pwr_computeEnginePower_step
                0x00007fc6      0x372 bin/atmega2560/DEBUG/obj/pwr_computeEnginePower.o
                0x00007fc6                pwr_computeEnginePower_step
 .text.pwr_computeEnginePower_initialize
                0x00008338        0x2 bin/atmega2560/DEBUG/obj/pwr_computeEnginePower.o
                0x00008338                pwr_computeEnginePower_initialize
 .text.sim_simulateCanReception
                0x0000833a      0xa64 bin/atmega2560/DEBUG/obj/sim_simulateCanReception.o
                0x0000833a                sim_simulateCanReception
 .text.registerCanFrame
                0x00008d9e      0x160 bin/atmega2560/DEBUG/obj/csh_canShield.o
 .text.csh_initModule
                0x00008efe       0x5a bin/atmega2560/DEBUG/obj/csh_canShield.o
                0x00008efe                csh_initModule
 .text.csh_registerStdCanFrame
                0x00008f58       0xc8 bin/atmega2560/DEBUG/obj/csh_canShield.o
                0x00008f58                csh_registerStdCanFrame
 .text.csh_sendExtCanFrame
                0x00009020      0x1d2 bin/atmega2560/DEBUG/obj/csh_canShield.o
                0x00009020                csh_sendExtCanFrame
 .text.csh_sendStdCanFrame
                0x000091f2       0xc2 bin/atmega2560/DEBUG/obj/csh_canShield.o
                0x000091f2                csh_sendStdCanFrame
 .text.csh_restartCanBus
                0x000092b4        0x8 bin/atmega2560/DEBUG/obj/csh_canShield.o
                0x000092b4                csh_restartCanBus
 .text.csh_getCanDLC
                0x000092bc       0x9e bin/atmega2560/DEBUG/obj/csh_canShield.o
                0x000092bc                csh_getCanDLC
 .text.csh_getFrameData
                0x0000935a       0xc8 bin/atmega2560/DEBUG/obj/csh_canShield.o
                0x0000935a                csh_getFrameData
 .text.csh_hwBusStateChange
                0x00009422       0xb0 bin/atmega2560/DEBUG/obj/csh_canShield.o
                0x00009422                csh_hwBusStateChange
 .text.csh_hwGetRestartBus
                0x000094d2        0xa bin/atmega2560/DEBUG/obj/csh_canShield.o
                0x000094d2                csh_hwGetRestartBus
 .text.csh_hwFrameReceived
                0x000094dc      0x1cc bin/atmega2560/DEBUG/obj/csh_canShield.o
                0x000094dc                csh_hwFrameReceived
 .text._ZN5Print5writeEPKhj
                0x000096a8       0x5e bin/atmega2560/core/core.a(Print.o)
                0x000096a8                Print::write(unsigned char const*, unsigned int)
 .text._ZN5Print5printEPKc
                0x00009706       0x98 bin/atmega2560/core/core.a(Print.o)
                0x00009706                Print::print(char const*)
 .text.__vector_23
                0x0000979e       0x94 bin/atmega2560/core/core.a(wiring.o)
                0x0000979e                __vector_23
 .text.millis   0x00009832       0x18 bin/atmega2560/core/core.a(wiring.o)
                0x00009832                millis
 .text.delay    0x0000984a       0xf8 bin/atmega2560/core/core.a(wiring.o)
                0x0000984a                delay
 .text.delayMicroseconds
                0x00009942       0x16 bin/atmega2560/core/core.a(wiring.o)
                0x00009942                delayMicroseconds
 .text.init     0x00009958       0xc4 bin/atmega2560/core/core.a(wiring.o)
                0x00009958                init
 .text.pinMode  0x00009a1c       0x82 bin/atmega2560/core/core.a(wiring_digital.o)
                0x00009a1c                pinMode
 .text.digitalWrite
                0x00009a9e      0x142 bin/atmega2560/core/core.a(wiring_digital.o)
                0x00009a9e                digitalWrite
 .text._ZN14HardwareSerial9availableEv
                0x00009be0       0x18 bin/atmega2560/core/core.a(HardwareSerial.o)
                0x00009be0                HardwareSerial::available()
 .text._ZN14HardwareSerial4peekEv
                0x00009bf8       0x1c bin/atmega2560/core/core.a(HardwareSerial.o)
                0x00009bf8                HardwareSerial::peek()
 .text._ZN14HardwareSerial4readEv
                0x00009c14       0x28 bin/atmega2560/core/core.a(HardwareSerial.o)
                0x00009c14                HardwareSerial::read()
 .text._ZN14HardwareSerial17availableForWriteEv
                0x00009c3c       0x22 bin/atmega2560/core/core.a(HardwareSerial.o)
                0x00009c3c                HardwareSerial::availableForWrite()
 .text._ZN14HardwareSerial5flushEv
                0x00009c5e       0x78 bin/atmega2560/core/core.a(HardwareSerial.o)
                0x00009c5e                HardwareSerial::flush()
 .text._ZN14HardwareSerial5writeEh
                0x00009cd6       0xca bin/atmega2560/core/core.a(HardwareSerial.o)
                0x00009cd6                HardwareSerial::write(unsigned char)
 .text._ZN14HardwareSerial17_tx_udr_empty_irqEv
                0x00009da0       0x44 bin/atmega2560/core/core.a(HardwareSerial.o)
                0x00009da0                HardwareSerial::_tx_udr_empty_irq()
 .text._ZN14HardwareSerial5beginEmh
                0x00009de4       0xc0 bin/atmega2560/core/core.a(HardwareSerial.o)
                0x00009de4                HardwareSerial::begin(unsigned long, unsigned char)
 .text.__vector_25
                0x00009ea4       0x6c bin/atmega2560/core/core.a(HardwareSerial0.o)
                0x00009ea4                __vector_25
 .text.__vector_26
                0x00009f10       0x52 bin/atmega2560/core/core.a(HardwareSerial0.o)
                0x00009f10                __vector_26
 .text.startup._GLOBAL__sub_I___vector_25
                0x00009f62       0x5a bin/atmega2560/core/core.a(HardwareSerial0.o)
 .text._ZN13LiquidCrystal5writeEh
                0x00009fbc      0x140 bin/atmega2560/core/core.a(LiquidCrystal.o)
                0x00009fbc                LiquidCrystal::write(unsigned char)
 .text._ZN13LiquidCrystal4sendEhh.constprop.1
                0x0000a0fc      0x13a bin/atmega2560/core/core.a(LiquidCrystal.o)
 .text._ZN13LiquidCrystal5beginEhhh
                0x0000a236      0x276 bin/atmega2560/core/core.a(LiquidCrystal.o)
                0x0000a236                LiquidCrystal::begin(unsigned char, unsigned char, unsigned char)
 .text._ZN13LiquidCrystalC2Ehhhhhh
                0x0000a4ac       0x3e bin/atmega2560/core/core.a(LiquidCrystal.o)
                0x0000a4ac                LiquidCrystal::LiquidCrystal(unsigned char, unsigned char, unsigned char, unsigned char, unsigned char, unsigned char)
                0x0000a4ac                LiquidCrystal::LiquidCrystal(unsigned char, unsigned char, unsigned char, unsigned char, unsigned char, unsigned char)
 .text._ZN13LiquidCrystal9setCursorEhh
                0x0000a4ea       0x20 bin/atmega2560/core/core.a(LiquidCrystal.o)
                0x0000a4ea                LiquidCrystal::setCursor(unsigned char, unsigned char)
 .text._ZN13LiquidCrystal8noCursorEv
                0x0000a50a        0xc bin/atmega2560/core/core.a(LiquidCrystal.o)
                0x0000a50a                LiquidCrystal::noCursor()
 .text._ZN13LiquidCrystal7noBlinkEv
                0x0000a516        0xc bin/atmega2560/core/core.a(LiquidCrystal.o)
                0x0000a516                LiquidCrystal::noBlink()
 .text.avr-libc.fplib
                0x0000a522        0xa c:/programfiles/arduino-1.8.19/hardware/tools/avr/bin/../lib/gcc/avr/7.3.0/../../../../avr/lib/avr6\libm.a(addsf3.o)
                0x0000a522                __subsf3
                0x0000a524                __addsf3
 .text.avr-libc.fplib
                0x0000a52c       0xc0 c:/programfiles/arduino-1.8.19/hardware/tools/avr/bin/../lib/gcc/avr/7.3.0/../../../../avr/lib/avr6\libm.a(addsf3x.o)
                0x0000a546                __addsf3x
 .text.avr-libc.fplib
                0x0000a5ec        0x8 c:/programfiles/arduino-1.8.19/hardware/tools/avr/bin/../lib/gcc/avr/7.3.0/../../../../avr/lib/avr6\libm.a(cmpsf2.o)
                0x0000a5ec                __nesf2
                0x0000a5ec                __eqsf2
                0x0000a5ec                __cmpsf2
                0x0000a5ec                __ltsf2
                0x0000a5ec                __lesf2
 .text.avr-libc.fplib
                0x0000a5f4        0x4 c:/programfiles/arduino-1.8.19/hardware/tools/avr/bin/../lib/gcc/avr/7.3.0/../../../../avr/lib/avr6\libm.a(divsf3.o)
                0x0000a5f4                __divsf3
 .text.avr-libc.fplib
                0x0000a5f8       0xcc c:/programfiles/arduino-1.8.19/hardware/tools/avr/bin/../lib/gcc/avr/7.3.0/../../../../avr/lib/avr6\libm.a(divsf3x.o)
                0x0000a60e                __divsf3x
                0x0000a612                __divsf3_pse
 .text.avr-libc.fplib
                0x0000a6c4       0x74 c:/programfiles/arduino-1.8.19/hardware/tools/avr/bin/../lib/gcc/avr/7.3.0/../../../../avr/lib/avr6\libm.a(fixsfdi.o)
                0x0000a6c4                __fixsfdi
                0x0000a6ce                __fixunssfdi
 .text.avr-libc.fplib
                0x0000a738        0xa c:/programfiles/arduino-1.8.19/hardware/tools/avr/bin/../lib/gcc/avr/7.3.0/../../../../avr/lib/avr6\libm.a(fixsfsi.o)
                0x0000a738                __fixsfsi
 .text.avr-libc.fplib
                0x0000a742       0x58 c:/programfiles/arduino-1.8.19/hardware/tools/avr/bin/../lib/gcc/avr/7.3.0/../../../../avr/lib/avr6\libm.a(fixunssfsi.o)
                0x0000a742                __fixunssfsi
 .text.avr-libc.fplib
                0x0000a79a       0x7a c:/programfiles/arduino-1.8.19/hardware/tools/avr/bin/../lib/gcc/avr/7.3.0/../../../../avr/lib/avr6\libm.a(floatsisf.o)
                0x0000a79a                __floatunsisf
                0x0000a79e                __floatsisf
 .text.avr-libc.fplib
                0x0000a814       0x48 c:/programfiles/arduino-1.8.19/hardware/tools/avr/bin/../lib/gcc/avr/7.3.0/../../../../avr/lib/avr6\libm.a(fp_cmp.o)
                0x0000a814                __fp_cmp
 .text.avr-libc.fplib
                0x0000a85c        0xc c:/programfiles/arduino-1.8.19/hardware/tools/avr/bin/../lib/gcc/avr/7.3.0/../../../../avr/lib/avr6\libm.a(fp_inf.o)
                0x0000a85c                __fp_inf
 .text.avr-libc.fplib
                0x0000a868        0x6 c:/programfiles/arduino-1.8.19/hardware/tools/avr/bin/../lib/gcc/avr/7.3.0/../../../../avr/lib/avr6\libm.a(fp_nan.o)
                0x0000a868                __fp_nan
 .text.avr-libc.fplib
                0x0000a86e       0x20 c:/programfiles/arduino-1.8.19/hardware/tools/avr/bin/../lib/gcc/avr/7.3.0/../../../../avr/lib/avr6\libm.a(fp_negdi.o)
                0x0000a86e                __fp_negdi
 .text.avr-libc.fplib
                0x0000a88e        0xe c:/programfiles/arduino-1.8.19/hardware/tools/avr/bin/../lib/gcc/avr/7.3.0/../../../../avr/lib/avr6\libm.a(fp_pscA.o)
                0x0000a88e                __fp_pscA
 .text.avr-libc.fplib
                0x0000a89c        0xe c:/programfiles/arduino-1.8.19/hardware/tools/avr/bin/../lib/gcc/avr/7.3.0/../../../../avr/lib/avr6\libm.a(fp_pscB.o)
                0x0000a89c                __fp_pscB
 .text.avr-libc.fplib
                0x0000a8aa       0x22 c:/programfiles/arduino-1.8.19/hardware/tools/avr/bin/../lib/gcc/avr/7.3.0/../../../../avr/lib/avr6\libm.a(fp_round.o)
                0x0000a8aa                __fp_round
 .text.avr-libc.fplib
                0x0000a8cc       0x44 c:/programfiles/arduino-1.8.19/hardware/tools/avr/bin/../lib/gcc/avr/7.3.0/../../../../avr/lib/avr6\libm.a(fp_split3.o)
                0x0000a8cc                __fp_split3
                0x0000a8dc                __fp_splitA
 .text.avr-libc.fplib
                0x0000a910        0xe c:/programfiles/arduino-1.8.19/hardware/tools/avr/bin/../lib/gcc/avr/7.3.0/../../../../avr/lib/avr6\libm.a(fp_zero.o)
                0x0000a910                __fp_zero
                0x0000a912                __fp_szero
 .text.avr-libc.fplib
                0x0000a91e        0x8 c:/programfiles/arduino-1.8.19/hardware/tools/avr/bin/../lib/gcc/avr/7.3.0/../../../../avr/lib/avr6\libm.a(gesf2.o)
                0x0000a91e                __gesf2
                0x0000a91e                __gtsf2
 .text.avr-libc.fplib
                0x0000a926        0x4 c:/programfiles/arduino-1.8.19/hardware/tools/avr/bin/../lib/gcc/avr/7.3.0/../../../../avr/lib/avr6\libm.a(mulsf3.o)
                0x0000a926                __mulsf3
 .text.avr-libc.fplib
                0x0000a92a       0xc2 c:/programfiles/arduino-1.8.19/hardware/tools/avr/bin/../lib/gcc/avr/7.3.0/../../../../avr/lib/avr6\libm.a(mulsf3x.o)
                0x0000a93e                __mulsf3x
                0x0000a942                __mulsf3_pse
 .text.libgcc.mul
                0x0000a9ec       0x1e c:/programfiles/arduino-1.8.19/hardware/tools/avr/bin/../lib/gcc/avr/7.3.0/avr6\libgcc.a(_mulsi3.o)
                0x0000a9ec                __mulsi3
 .text.libgcc.div
                0x0000aa0a       0x28 c:/programfiles/arduino-1.8.19/hardware/tools/avr/bin/../lib/gcc/avr/7.3.0/avr6\libgcc.a(_udivmodhi4.o)
                0x0000aa0a                __udivmodhi4
 .text.libgcc.div
                0x0000aa32       0x26 c:/programfiles/arduino-1.8.19/hardware/tools/avr/bin/../lib/gcc/avr/7.3.0/avr6\libgcc.a(_divmodhi4.o)
                0x0000aa32                _div
                0x0000aa32                __divmodhi4
 .text.libgcc.div
                0x0000aa58       0x44 c:/programfiles/arduino-1.8.19/hardware/tools/avr/bin/../lib/gcc/avr/7.3.0/avr6\libgcc.a(_udivmodsi4.o)
                0x0000aa58                __udivmodsi4
 .text.libgcc.div
                0x0000aa9c       0x28 c:/programfiles/arduino-1.8.19/hardware/tools/avr/bin/../lib/gcc/avr/7.3.0/avr6\libgcc.a(_divmodsi4.o)
                0x0000aa9c                __divmodsi4
 .text.libgcc.div
                0x0000aac4       0x10 c:/programfiles/arduino-1.8.19/hardware/tools/avr/bin/../lib/gcc/avr/7.3.0/avr6\libgcc.a(_negsi2.o)
                0x0000aac4                __negsi2
 .text.libgcc   0x0000aad4       0x10 c:/programfiles/arduino-1.8.19/hardware/tools/avr/bin/../lib/gcc/avr/7.3.0/avr6\libgcc.a(_tablejump2.o)
                0x0000aad4                __tablejump2__
 .text.libgcc.mul
                0x0000aae4        0xc c:/programfiles/arduino-1.8.19/hardware/tools/avr/bin/../lib/gcc/avr/7.3.0/avr6\libgcc.a(_usmulhisi3.o)
                0x0000aae4                __usmulhisi3
                0x0000aae6                __usmulhisi3_tail
 .text.libgcc.mul
                0x0000aaf0       0x14 c:/programfiles/arduino-1.8.19/hardware/tools/avr/bin/../lib/gcc/avr/7.3.0/avr6\libgcc.a(_muluhisi3.o)
                0x0000aaf0                __muluhisi3
 .text.libgcc.mul
                0x0000ab04       0x1e c:/programfiles/arduino-1.8.19/hardware/tools/avr/bin/../lib/gcc/avr/7.3.0/avr6\libgcc.a(_umulhisi3.o)
                0x0000ab04                __umulhisi3
 .text.avr-libc
                0x0000ab22       0xaa c:/programfiles/arduino-1.8.19/hardware/tools/avr/bin/../lib/gcc/avr/7.3.0/../../../../avr/lib/avr6\libc.a(rand.o)
                0x0000abae                rand_r
                0x0000abb0                rand
                0x0000abb6                srand
 .text.avr-libc
                0x0000abcc        0x8 c:/programfiles/arduino-1.8.19/hardware/tools/avr/bin/../lib/gcc/avr/7.3.0/../../../../avr/lib/avr6\libc.a(abort.o)
                0x0000abcc                abort
 .text.avr-libc
                0x0000abd4      0x1b0 c:/programfiles/arduino-1.8.19/hardware/tools/avr/bin/../lib/gcc/avr/7.3.0/../../../../avr/lib/avr6\libc.a(ftoa_engine.o)
                0x0000abd4                __ftoa_engine
 .text.avr-libc
                0x0000ad84       0x16 c:/programfiles/arduino-1.8.19/hardware/tools/avr/bin/../lib/gcc/avr/7.3.0/../../../../avr/lib/avr6\libc.a(strnlen_P.o)
                0x0000ad84                strnlen_P
 .text.avr-libc
                0x0000ad9a       0x1a c:/programfiles/arduino-1.8.19/hardware/tools/avr/bin/../lib/gcc/avr/7.3.0/../../../../avr/lib/avr6\libc.a(memcmp.o)
                0x0000ad9a                memcmp
 .text.avr-libc
                0x0000adb4       0x12 c:/programfiles/arduino-1.8.19/hardware/tools/avr/bin/../lib/gcc/avr/7.3.0/../../../../avr/lib/avr6\libc.a(memcpy.o)
                0x0000adb4                memcpy
 .text.avr-libc
                0x0000adc6        0xe c:/programfiles/arduino-1.8.19/hardware/tools/avr/bin/../lib/gcc/avr/7.3.0/../../../../avr/lib/avr6\libc.a(memset.o)
                0x0000adc6                memset
 .text.avr-libc
                0x0000add4       0x16 c:/programfiles/arduino-1.8.19/hardware/tools/avr/bin/../lib/gcc/avr/7.3.0/../../../../avr/lib/avr6\libc.a(strnlen.o)
                0x0000add4                strnlen
 .text.avr-libc
                0x0000adea       0x60 c:/programfiles/arduino-1.8.19/hardware/tools/avr/bin/../lib/gcc/avr/7.3.0/../../../../avr/lib/avr6\libc.a(fputc.o)
                0x0000adea                fputc
 .text.avr-libc
                0x0000ae4a       0x28 c:/programfiles/arduino-1.8.19/hardware/tools/avr/bin/../lib/gcc/avr/7.3.0/../../../../avr/lib/avr6\libc.a(printf.o)
                0x0000ae4a                printf
 .text.avr-libc
                0x0000ae72       0x56 c:/programfiles/arduino-1.8.19/hardware/tools/avr/bin/../lib/gcc/avr/7.3.0/../../../../avr/lib/avr6\libc.a(puts.o)
                0x0000ae72                puts
 .text.avr-libc
                0x0000aec8       0x60 c:/programfiles/arduino-1.8.19/hardware/tools/avr/bin/../lib/gcc/avr/7.3.0/../../../../avr/lib/avr6\libc.a(sprintf.o)
                0x0000aec8                sprintf
 .text.avr-libc
                0x0000af28       0xbc c:/programfiles/arduino-1.8.19/hardware/tools/avr/bin/../lib/gcc/avr/7.3.0/../../../../avr/lib/avr6\libc.a(ultoa_invert.o)
                0x0000af28                __ultoa_invert
 .text.libgcc.mul
                0x0000afe4        0xc c:/programfiles/arduino-1.8.19/hardware/tools/avr/bin/../lib/gcc/avr/7.3.0/avr6\libgcc.a(_mulshisi3.o)
                0x0000afe4                __mulshisi3
                0x0000afe8                __mulohisi3
                0x0000aff0                . = ALIGN (0x2)
 *(.fini9)
 .fini9         0x0000aff0        0x0 c:/programfiles/arduino-1.8.19/hardware/tools/avr/bin/../lib/gcc/avr/7.3.0/avr6\libgcc.a(_exit.o)
                0x0000aff0                _exit
                0x0000aff0                exit
 *(.fini9)
 *(.fini8)
 *(.fini8)
 *(.fini7)
 *(.fini7)
 *(.fini6)
 *(.fini6)
 *(.fini5)
 *(.fini5)
 *(.fini4)
 *(.fini4)
 *(.fini3)
 *(.fini3)
 *(.fini2)
 *(.fini2)
 *(.fini1)
 *(.fini1)
 *(.fini0)
 .fini0         0x0000aff0        0x4 c:/programfiles/arduino-1.8.19/hardware/tools/avr/bin/../lib/gcc/avr/7.3.0/avr6\libgcc.a(_exit.o)
 *(.fini0)
                0x0000aff4                _etext = .

.data           0x00800200      0x68c load address 0x0000aff4
                0x00800200                PROVIDE (__data_start, .)
 *(.data)
 .data          0x00800200        0x4 c:/programfiles/arduino-1.8.19/hardware/tools/avr/bin/../lib/gcc/avr/7.3.0/../../../../avr/lib/avr6\libc.a(rand.o)
 *(.data*)
 .data._pActiveTask
                0x00800204        0x2 bin/atmega2560/DEBUG/obj/rtos.o
 .data._time    0x00800206        0x1 bin/atmega2560/DEBUG/obj/rtos.o
 .data._cpuLoad
                0x00800207        0x1 bin/atmega2560/DEBUG/obj/asi_arduinoSampleIntegration.o
                0x00800207                _cpuLoad
 .data.cap_canBus_PT
                0x00800208       0x2a bin/atmega2560/DEBUG/obj/cap_canApi.o
                0x00800208                cap_canBus_PT
 .data.cap_pPT_LimitsPowerDisplay_1538
                0x00800232        0x2 bin/atmega2560/DEBUG/obj/cap_canApi.o
                0x00800232                cap_pPT_LimitsPowerDisplay_1538
 .data.cap_pPT_StatusPowerDisplay_1537
                0x00800234        0x2 bin/atmega2560/DEBUG/obj/cap_canApi.o
                0x00800234                cap_pPT_StatusPowerDisplay_1537
 .data.cap_pPT_InfoPowerDisplay_1536
                0x00800236        0x2 bin/atmega2560/DEBUG/obj/cap_canApi.o
                0x00800236                cap_pPT_InfoPowerDisplay_1536
 .data._lastSentFrContents_PT_LimitsPowerDisplay_1538
                0x00800238        0x5 bin/atmega2560/DEBUG/obj/cbk_callbacks.o
 .data._lastSentFrContents_PT_StatusPowerDisplay_1537
                0x0080023d        0x8 bin/atmega2560/DEBUG/obj/cbk_callbacks.o
 .data.cntDispPwrNum_.2631
                0x00800245        0x1 bin/atmega2560/DEBUG/obj/upd_updateDisplay.o
 .data.SQC_.2423
                0x00800246        0x2 bin/atmega2560/DEBUG/obj/sim_simulateCanReception.o
 .data.maxPower.2427
                0x00800248        0x2 bin/atmega2560/DEBUG/obj/sim_simulateCanReception.o
 .data.deltaPwr.2429
                0x0080024a        0x2 bin/atmega2560/DEBUG/obj/sim_simulateCanReception.o
 .data.minPower.2426
                0x0080024c        0x2 bin/atmega2560/DEBUG/obj/sim_simulateCanReception.o
 .data.maxSpeedOfRotation.2425
                0x0080024e        0x2 bin/atmega2560/DEBUG/obj/sim_simulateCanReception.o
 .data.deltaSOR.2428
                0x00800250        0x2 bin/atmega2560/DEBUG/obj/sim_simulateCanReception.o
 .data.minSpeedOfRotation.2424
                0x00800252        0x2 bin/atmega2560/DEBUG/obj/sim_simulateCanReception.o
 .data.tiReceive_.2422
                0x00800254        0x4 bin/atmega2560/DEBUG/obj/sim_simulateCanReception.o
 .data.SQC_.2414
                0x00800258        0x2 bin/atmega2560/DEBUG/obj/sim_simulateCanReception.o
 .data.torque_.2413
                0x0080025a        0x4 bin/atmega2560/DEBUG/obj/sim_simulateCanReception.o
 .data.torqueSlope_.2412
                0x0080025e        0x4 bin/atmega2560/DEBUG/obj/sim_simulateCanReception.o
 .data.tiReceive_.2410
                0x00800262        0x4 bin/atmega2560/DEBUG/obj/sim_simulateCanReception.o
 .data.speedOfRotation_.2398
                0x00800266        0x4 bin/atmega2560/DEBUG/obj/sim_simulateCanReception.o
 .data.speedOfRotationSlope_.2397
                0x0080026a        0x4 bin/atmega2560/DEBUG/obj/sim_simulateCanReception.o
 .data.tiReceive_.2395
                0x0080026e        0x4 bin/atmega2560/DEBUG/obj/sim_simulateCanReception.o
 .data._stateCanBus
                0x00800272        0x2 bin/atmega2560/DEBUG/obj/csh_canShield.o
                0x00800272                _stateCanBus
 *(.gnu.linkonce.d*)
 *(.rodata)
 .rodata        0x00800274        0x6 bin/atmega2560/DEBUG/obj/apt_applicationTask.o
 *(.rodata*)
 .rodata.gsl_getSystemLoad.str1.1
                0x0080027a       0x3e bin/atmega2560/DEBUG/obj/gsl_systemLoad.o
 .rodata.onTimerTic.str1.1
                0x008002b8       0x34 bin/atmega2560/DEBUG/obj/rtos.o
 .rodata.invokeCallback.str1.1
                0x008002ec       0x5a bin/atmega2560/DEBUG/obj/ede_eventDispatcherEngine.o
 .rodata.ede_createSender.str1.1
                0x00800346       0x50 bin/atmega2560/DEBUG/obj/ede_eventSender.o
 .rodata.vsq_getSizeOfQueueTail.str1.1
                0x00800396       0x5b bin/atmega2560/DEBUG/obj/vsq_threadSafeQueueVariableSize.o
 .rodata.edePortDisp_readBuffer.str1.1
                0x008003f1       0x57 bin/atmega2560/DEBUG/obj/vsq_dispatcherPortInterface.o
 .rodata.task100ms.str1.1
                0x00800448       0x57 bin/atmega2560/DEBUG/obj/asi_arduinoSampleIntegration.o
 .rodata.loop.str1.1
                0x0080049f      0x16b bin/atmega2560/DEBUG/obj/asi_arduinoSampleIntegration.o
 .rodata.cde_getCanId.str1.1
                0x0080060a       0x3c bin/atmega2560/DEBUG/obj/cde_stubs.o
 .rodata.onTimeoutFrame_PT_1040.str1.1
                0x00800646       0x40 bin/atmega2560/DEBUG/obj/cbk_callbacks.o
 .rodata.chk_validateChecksum.str1.1
                0x00800686       0x43 bin/atmega2560/DEBUG/obj/chk_checksum.o
 .rodata.getMapValue.str1.1
                0x008006c9       0x4a bin/atmega2560/DEBUG/obj/apt_applicationTask.o
 .rodata.apt_taskInit.str1.1
                0x00800713       0x49 bin/atmega2560/DEBUG/obj/apt_applicationTask.o
 .rodata._ZN13dpy_display_t13printGreetingEv.str1.1
                0x0080075c       0x13 bin/atmega2560/DEBUG/obj/dpy_display.o
 .rodata._ZN13dpy_display_t15printBackgroundEv.str1.1
                0x0080076f       0x23 bin/atmega2560/DEBUG/obj/dpy_display.o
 .rodata._ZN13dpy_display_t13printTqAndPwrEii.str1.1
                0x00800792       0x41 bin/atmega2560/DEBUG/obj/dpy_display.o
 .rodata._ZTV13dpy_display_t
                0x008007d3        0xc bin/atmega2560/DEBUG/obj/dpy_display.o
                0x008007d3                vtable for dpy_display_t
 .rodata.sim_simulateCanReception.str1.1
                0x008007df       0x4d bin/atmega2560/DEBUG/obj/sim_simulateCanReception.o
 .rodata.registerCanFrame.str1.1
                0x0080082c       0x42 bin/atmega2560/DEBUG/obj/csh_canShield.o
 .rodata._ZTV14HardwareSerial
                0x0080086e       0x12 bin/atmega2560/core/core.a(HardwareSerial.o)
                0x0080086e                vtable for HardwareSerial
 .rodata._ZTV13LiquidCrystal
                0x00800880        0xc bin/atmega2560/core/core.a(LiquidCrystal.o)
                0x00800880                vtable for LiquidCrystal
 *(.gnu.linkonce.r*)
                0x0080088c                . = ALIGN (0x2)
                0x0080088c                _edata = .
                0x0080088c                PROVIDE (__data_end, .)

.bss            0x0080088c      0xb1e
                0x0080088c                PROVIDE (__bss_start, .)
 *(.bss)
 *(.bss*)
 .bss._noSuspendedTasks
                0x0080088c        0x1 bin/atmega2560/DEBUG/obj/rtos.o
 .bss._pSuspendedTaskAry
                0x0080088d        0x6 bin/atmega2560/DEBUG/obj/rtos.o
 .bss._noDueTasksAry
                0x00800893        0x3 bin/atmega2560/DEBUG/obj/rtos.o
 .bss._pDueTaskAryAry
                0x00800896        0x6 bin/atmega2560/DEBUG/obj/rtos.o
 .bss._pSuspendedTask
                0x0080089c        0x2 bin/atmega2560/DEBUG/obj/rtos.o
 .bss._taskAry  0x0080089e       0x44 bin/atmega2560/DEBUG/obj/rtos.o
 .bss._ZZ11init_stdoutE8myStdout
                0x008008e2        0xe bin/atmega2560/DEBUG/obj/stdout.o
 .bss.stackTask100ms_.2752
                0x008008f0      0x100 bin/atmega2560/DEBUG/obj/asi_arduinoSampleIntegration.o
 .bss.stackTask10ms_.2747
                0x008009f0      0x100 bin/atmega2560/DEBUG/obj/asi_arduinoSampleIntegration.o
 .bss.stackTaskOnCanReceive_.2742
                0x00800af0      0x100 bin/atmega2560/DEBUG/obj/asi_arduinoSampleIntegration.o
 .bss._cnt100ms
                0x00800bf0        0x4 bin/atmega2560/DEBUG/obj/asi_arduinoSampleIntegration.o
                0x00800bf0                _cnt100ms
 .bss._cnt10ms  0x00800bf4        0x4 bin/atmega2560/DEBUG/obj/asi_arduinoSampleIntegration.o
                0x00800bf4                _cnt10ms
 .bss._cntOnCanReceive
                0x00800bf8        0x4 bin/atmega2560/DEBUG/obj/asi_arduinoSampleIntegration.o
                0x00800bf8                _cntOnCanReceive
 .bss.lastSqc_.2676
                0x00800bfc        0x1 bin/atmega2560/DEBUG/obj/cbk_callbacks.o
 .bss.lastSqc_.2687
                0x00800bfd        0x1 bin/atmega2560/DEBUG/obj/cbk_callbacks.o
 .bss.lastSqc_.2698
                0x00800bfe        0x1 bin/atmega2560/DEBUG/obj/cbk_callbacks.o
 .bss._hTimerDueCheck_PT_1538
                0x00800bff        0x2 bin/atmega2560/DEBUG/obj/cbk_callbacks.o
 .bss._hTimerDueCheck_PT_1537
                0x00800c01        0x2 bin/atmega2560/DEBUG/obj/cbk_callbacks.o
 .bss._hTimerTimeout_PT_1537
                0x00800c03        0x2 bin/atmega2560/DEBUG/obj/cbk_callbacks.o
 .bss._hTimerTimeout_PT_1040
                0x00800c05        0x2 bin/atmega2560/DEBUG/obj/cbk_callbacks.o
 .bss._hTimerTimeout_PT_1024
                0x00800c07        0x2 bin/atmega2560/DEBUG/obj/cbk_callbacks.o
 .bss.heapMemoryForCanInterface.2839
                0x00800c09      0x3e8 bin/atmega2560/DEBUG/obj/apt_applicationTask.o
 .bss._hTimerBusRecovery
                0x00800ff1        0x2 bin/atmega2560/DEBUG/obj/apt_applicationTask.o
 .bss.apt_noLostFrameEvents
                0x00800ff3        0x2 bin/atmega2560/DEBUG/obj/apt_applicationTask.o
                0x00800ff3                apt_noLostFrameEvents
 .bss.apt_noLostBusStateEvents
                0x00800ff5        0x2 bin/atmega2560/DEBUG/obj/apt_applicationTask.o
                0x00800ff5                apt_noLostBusStateEvents
 .bss.apt_hDispatcherSystem
                0x00800ff7        0x2 bin/atmega2560/DEBUG/obj/apt_applicationTask.o
                0x00800ff7                apt_hDispatcherSystem
 .bss._hOsEventSender
                0x00800ff9        0x2 bin/atmega2560/DEBUG/obj/apt_applicationTask.o
 .bss.apt_memoryPool
                0x00800ffb        0x8 bin/atmega2560/DEBUG/obj/apt_applicationTask.o
 .bss.apt_canBusOff
                0x00801003        0x1 bin/atmega2560/DEBUG/obj/apt_applicationTask.o
                0x00801003                apt_canBusOff
 .bss._ZZN13dpy_display_t15printValueAsBarEhhE10peakValue_
                0x00801004        0x1 bin/atmega2560/DEBUG/obj/dpy_display.o
 .bss._ZZN13dpy_display_t15printValueAsBarEhhE12cntPeakHold_
                0x00801005        0x1 bin/atmega2560/DEBUG/obj/dpy_display.o
 .bss.dpy_display
                0x00801006       0x18 bin/atmega2560/DEBUG/obj/dpy_display.o
                0x00801006                dpy_display
 .bss.tiLastReceive_.2411
                0x0080101e        0x4 bin/atmega2560/DEBUG/obj/sim_simulateCanReception.o
 .bss.SQC_.2399
                0x00801022        0x1 bin/atmega2560/DEBUG/obj/sim_simulateCanReception.o
 .bss.tiLastReceive_.2396
                0x00801023        0x4 bin/atmega2560/DEBUG/obj/sim_simulateCanReception.o
 .bss._isBusOff
                0x00801027        0x1 bin/atmega2560/DEBUG/obj/sim_simulateCanReception.o
 .bss._tiSim    0x00801028        0x4 bin/atmega2560/DEBUG/obj/sim_simulateCanReception.o
 .bss._tryToRestartCanBus
                0x0080102c        0x1 bin/atmega2560/DEBUG/obj/csh_canShield.o
                0x0080102c                _tryToRestartCanBus
 .bss._mtoAry   0x0080102d      0x2c0 bin/atmega2560/DEBUG/obj/csh_canShield.o
 .bss._ZL12timer0_fract
                0x008012ed        0x1 bin/atmega2560/core/core.a(wiring.o)
 .bss.timer0_millis
                0x008012ee        0x4 bin/atmega2560/core/core.a(wiring.o)
                0x008012ee                timer0_millis
 .bss.timer0_overflow_count
                0x008012f2        0x4 bin/atmega2560/core/core.a(wiring.o)
                0x008012f2                timer0_overflow_count
 .bss.Serial    0x008012f6       0x9d bin/atmega2560/core/core.a(HardwareSerial0.o)
                0x008012f6                Serial
 *(COMMON)
 COMMON         0x00801393        0x4 bin/atmega2560/DEBUG/obj/rtos.o
                0x00801393                _tmpVarAsmToC_u16
                0x00801395                _tmpVarCToAsm_u16
 COMMON         0x00801397        0xd bin/atmega2560/DEBUG/obj/pwr_computeEnginePower.o
                0x00801397                pwr_transmissionErrAry
                0x0080139b                pwr_computeEnginePower_DW
                0x0080139f                pwr_computeEnginePower_B
 COMMON         0x008013a4        0x6 c:/programfiles/arduino-1.8.19/hardware/tools/avr/bin/../lib/gcc/avr/7.3.0/../../../../avr/lib/avr6\libc.a(iob.o)
                0x008013a4                __iob
                0x008013aa                PROVIDE (__bss_end, .)
                0x0000aff4                __data_load_start = LOADADDR (.data)
                0x0000b680                __data_load_end = (__data_load_start + SIZEOF (.data))

.noinit         0x008013aa        0x0
                [!provide]                PROVIDE (__noinit_start, .)
 *(.noinit*)
                [!provide]                PROVIDE (__noinit_end, .)
                0x008013aa                _end = .
                [!provide]                PROVIDE (__heap_start, .)

.eeprom         0x00810000        0x0
 *(.eeprom*)
                0x00810000                __eeprom_end = .

.fuse
 *(.fuse)
 *(.lfuse)
 *(.hfuse)
 *(.efuse)

.lock
 *(.lock*)

.signature
 *(.signature*)

.user_signatures
 *(.user_signatures*)

.stab
 *(.stab)

.stabstr
 *(.stabstr)

.stab.excl
 *(.stab.excl)

.stab.exclstr
 *(.stab.exclstr)

.stab.index
 *(.stab.index)

.stab.indexstr
 *(.stab.indexstr)

.comment        0x00000000       0x11
 *(.comment)
 .comment       0x00000000       0x11 c:/programfiles/arduino-1.8.19/hardware/tools/avr/bin/../lib/gcc/avr/7.3.0/../../../../avr/lib/avr6\libprintf_flt.a(vfprintf_flt.o)
                                 0x12 (size before relaxing)
 .comment       0x00000011       0x12 bin/atmega2560/DEBUG/obj/main.o
 .comment       0x00000011       0x12 bin/atmega2560/DEBUG/obj/gsl_systemLoad.o
 .comment       0x00000011       0x12 bin/atmega2560/DEBUG/obj/rtos.o
 .comment       0x00000011       0x12 bin/atmega2560/DEBUG/obj/stdout.o
 .comment       0x00000011       0x12 bin/atmega2560/DEBUG/obj/ede_eventDispatcherEngine.o
 .comment       0x00000011       0x12 bin/atmega2560/DEBUG/obj/ede_eventSender.o
 .comment       0x00000011       0x12 bin/atmega2560/DEBUG/obj/mem_malloc.o
 .comment       0x00000011       0x12 bin/atmega2560/DEBUG/obj/vsq_threadSafeQueueVariableSize.o
 .comment       0x00000011       0x12 bin/atmega2560/DEBUG/obj/vsq_dispatcherPortInterface.o
 .comment       0x00000011       0x12 bin/atmega2560/DEBUG/obj/asi_arduinoSampleIntegration.o
 .comment       0x00000011       0x12 bin/atmega2560/DEBUG/obj/cde_stubs.o
 .comment       0x00000011       0x12 bin/atmega2560/DEBUG/obj/cap_canApi.o
 .comment       0x00000011       0x12 bin/atmega2560/DEBUG/obj/cbk_callbacks.o
 .comment       0x00000011       0x12 bin/atmega2560/DEBUG/obj/chk_checksum.o
 .comment       0x00000011       0x12 bin/atmega2560/DEBUG/obj/apt_applicationTask.o
 .comment       0x00000011       0x12 bin/atmega2560/DEBUG/obj/upd_updateDisplay.o
 .comment       0x00000011       0x12 bin/atmega2560/DEBUG/obj/dpy_display.o
 .comment       0x00000011       0x12 bin/atmega2560/DEBUG/obj/pwr_computeEnginePower.o
 .comment       0x00000011       0x12 bin/atmega2560/DEBUG/obj/sim_simulateCanReception.o
 .comment       0x00000011       0x12 bin/atmega2560/DEBUG/obj/csh_canShield.o
 .comment       0x00000011       0x12 bin/atmega2560/core/core.a(Print.o)
 .comment       0x00000011       0x12 bin/atmega2560/core/core.a(wiring.o)
 .comment       0x00000011       0x12 bin/atmega2560/core/core.a(wiring_digital.o)
 .comment       0x00000011       0x12 bin/atmega2560/core/core.a(HardwareSerial.o)
 .comment       0x00000011       0x12 bin/atmega2560/core/core.a(HardwareSerial0.o)
 .comment       0x00000011       0x12 bin/atmega2560/core/core.a(LiquidCrystal.o)
 .comment       0x00000011       0x12 c:/programfiles/arduino-1.8.19/hardware/tools/avr/bin/../lib/gcc/avr/7.3.0/../../../../avr/lib/avr6\libc.a(rand.o)
 .comment       0x00000011       0x12 c:/programfiles/arduino-1.8.19/hardware/tools/avr/bin/../lib/gcc/avr/7.3.0/../../../../avr/lib/avr6\libc.a(fputc.o)
 .comment       0x00000011       0x12 c:/programfiles/arduino-1.8.19/hardware/tools/avr/bin/../lib/gcc/avr/7.3.0/../../../../avr/lib/avr6\libc.a(iob.o)
 .comment       0x00000011       0x12 c:/programfiles/arduino-1.8.19/hardware/tools/avr/bin/../lib/gcc/avr/7.3.0/../../../../avr/lib/avr6\libc.a(printf.o)
 .comment       0x00000011       0x12 c:/programfiles/arduino-1.8.19/hardware/tools/avr/bin/../lib/gcc/avr/7.3.0/../../../../avr/lib/avr6\libc.a(puts.o)
 .comment       0x00000011       0x12 c:/programfiles/arduino-1.8.19/hardware/tools/avr/bin/../lib/gcc/avr/7.3.0/../../../../avr/lib/avr6\libc.a(sprintf.o)

.note.gnu.avr.deviceinfo
                0x00000000       0x40
 .note.gnu.avr.deviceinfo
                0x00000000       0x40 c:/programfiles/arduino-1.8.19/hardware/tools/avr/bin/../lib/gcc/avr/7.3.0/../../../../avr/lib/avr6/crtatmega2560.o

.note.gnu.build-id
 *(.note.gnu.build-id)

.debug
 *(.debug)

.line
 *(.line)

.debug_srcinfo
 *(.debug_srcinfo)

.debug_sfnames
 *(.debug_sfnames)

.debug_aranges  0x00000000      0xbb8
 *(.debug_aranges)
 .debug_aranges
                0x00000000       0x28 bin/atmega2560/DEBUG/obj/main.o
 .debug_aranges
                0x00000028       0x20 bin/atmega2560/DEBUG/obj/gsl_systemLoad.o
 .debug_aranges
                0x00000048       0x70 bin/atmega2560/DEBUG/obj/rtos.o
 .debug_aranges
                0x000000b8       0x30 bin/atmega2560/DEBUG/obj/stdout.o
 .debug_aranges
                0x000000e8       0xc8 bin/atmega2560/DEBUG/obj/ede_eventDispatcherEngine.o
 .debug_aranges
                0x000001b0       0x50 bin/atmega2560/DEBUG/obj/ede_eventSender.o
 .debug_aranges
                0x00000200       0x38 bin/atmega2560/DEBUG/obj/mem_malloc.o
 .debug_aranges
                0x00000238       0x88 bin/atmega2560/DEBUG/obj/vsq_threadSafeQueueVariableSize.o
 .debug_aranges
                0x000002c0       0x60 bin/atmega2560/DEBUG/obj/vsq_dispatcherPortInterface.o
 .debug_aranges
                0x00000320       0x40 bin/atmega2560/DEBUG/obj/asi_arduinoSampleIntegration.o
 .debug_aranges
                0x00000360       0x20 bin/atmega2560/DEBUG/obj/cde_stubs.o
 .debug_aranges
                0x00000380       0x48 bin/atmega2560/DEBUG/obj/cap_canApi.o
 .debug_aranges
                0x000003c8       0x98 bin/atmega2560/DEBUG/obj/cbk_callbacks.o
 .debug_aranges
                0x00000460       0x38 bin/atmega2560/DEBUG/obj/chk_checksum.o
 .debug_aranges
                0x00000498       0x68 bin/atmega2560/DEBUG/obj/apt_applicationTask.o
 .debug_aranges
                0x00000500       0x20 bin/atmega2560/DEBUG/obj/upd_updateDisplay.o
 .debug_aranges
                0x00000520       0x88 bin/atmega2560/DEBUG/obj/dpy_display.o
 .debug_aranges
                0x000005a8       0x58 bin/atmega2560/DEBUG/obj/pwr_computeEnginePower.o
 .debug_aranges
                0x00000600       0x20 bin/atmega2560/DEBUG/obj/sim_simulateCanReception.o
 .debug_aranges
                0x00000620       0x90 bin/atmega2560/DEBUG/obj/csh_canShield.o
 .debug_aranges
                0x000006b0      0x100 bin/atmega2560/core/core.a(Print.o)
 .debug_aranges
                0x000007b0       0x48 bin/atmega2560/core/core.a(wiring.o)
 .debug_aranges
                0x000007f8       0x30 bin/atmega2560/core/core.a(wiring_digital.o)
 .debug_aranges
                0x00000828       0x68 bin/atmega2560/core/core.a(HardwareSerial.o)
 .debug_aranges
                0x00000890       0x38 bin/atmega2560/core/core.a(HardwareSerial0.o)
 .debug_aranges
                0x000008c8      0x110 bin/atmega2560/core/core.a(LiquidCrystal.o)
 .debug_aranges
                0x000009d8       0x20 c:/programfiles/arduino-1.8.19/hardware/tools/avr/bin/../lib/gcc/avr/7.3.0/avr6\libgcc.a(_mulsi3.o)
 .debug_aranges
                0x000009f8       0x20 c:/programfiles/arduino-1.8.19/hardware/tools/avr/bin/../lib/gcc/avr/7.3.0/avr6\libgcc.a(_udivmodhi4.o)
 .debug_aranges
                0x00000a18       0x20 c:/programfiles/arduino-1.8.19/hardware/tools/avr/bin/../lib/gcc/avr/7.3.0/avr6\libgcc.a(_divmodhi4.o)
 .debug_aranges
                0x00000a38       0x20 c:/programfiles/arduino-1.8.19/hardware/tools/avr/bin/../lib/gcc/avr/7.3.0/avr6\libgcc.a(_udivmodsi4.o)
 .debug_aranges
                0x00000a58       0x20 c:/programfiles/arduino-1.8.19/hardware/tools/avr/bin/../lib/gcc/avr/7.3.0/avr6\libgcc.a(_divmodsi4.o)
 .debug_aranges
                0x00000a78       0x20 c:/programfiles/arduino-1.8.19/hardware/tools/avr/bin/../lib/gcc/avr/7.3.0/avr6\libgcc.a(_negsi2.o)
 .debug_aranges
                0x00000a98       0x20 c:/programfiles/arduino-1.8.19/hardware/tools/avr/bin/../lib/gcc/avr/7.3.0/avr6\libgcc.a(_exit.o)
 .debug_aranges
                0x00000ab8       0x20 c:/programfiles/arduino-1.8.19/hardware/tools/avr/bin/../lib/gcc/avr/7.3.0/avr6\libgcc.a(_tablejump2.o)
 .debug_aranges
                0x00000ad8       0x20 c:/programfiles/arduino-1.8.19/hardware/tools/avr/bin/../lib/gcc/avr/7.3.0/avr6\libgcc.a(_copy_data.o)
 .debug_aranges
                0x00000af8       0x20 c:/programfiles/arduino-1.8.19/hardware/tools/avr/bin/../lib/gcc/avr/7.3.0/avr6\libgcc.a(_clear_bss.o)
 .debug_aranges
                0x00000b18       0x20 c:/programfiles/arduino-1.8.19/hardware/tools/avr/bin/../lib/gcc/avr/7.3.0/avr6\libgcc.a(_ctors.o)
 .debug_aranges
                0x00000b38       0x20 c:/programfiles/arduino-1.8.19/hardware/tools/avr/bin/../lib/gcc/avr/7.3.0/avr6\libgcc.a(_usmulhisi3.o)
 .debug_aranges
                0x00000b58       0x20 c:/programfiles/arduino-1.8.19/hardware/tools/avr/bin/../lib/gcc/avr/7.3.0/avr6\libgcc.a(_muluhisi3.o)
 .debug_aranges
                0x00000b78       0x20 c:/programfiles/arduino-1.8.19/hardware/tools/avr/bin/../lib/gcc/avr/7.3.0/avr6\libgcc.a(_umulhisi3.o)
 .debug_aranges
                0x00000b98       0x20 c:/programfiles/arduino-1.8.19/hardware/tools/avr/bin/../lib/gcc/avr/7.3.0/avr6\libgcc.a(_mulshisi3.o)

.debug_pubnames
 *(.debug_pubnames)

.debug_info     0x00000000    0x1e61d
 *(.debug_info .gnu.linkonce.wi.*)
 .debug_info    0x00000000      0xbbc c:/programfiles/arduino-1.8.19/hardware/tools/avr/bin/../lib/gcc/avr/7.3.0/../../../../avr/lib/avr6/crtatmega2560.o
 .debug_info    0x00000bbc      0x2bf bin/atmega2560/DEBUG/obj/main.o
 .debug_info    0x00000e7b      0x3f0 bin/atmega2560/DEBUG/obj/gsl_systemLoad.o
 .debug_info    0x0000126b      0xda2 bin/atmega2560/DEBUG/obj/rtos.o
 .debug_info    0x0000200d      0x623 bin/atmega2560/DEBUG/obj/stdout.o
 .debug_info    0x00002630     0x1bd7 bin/atmega2560/DEBUG/obj/ede_eventDispatcherEngine.o
 .debug_info    0x00004207      0xbc4 bin/atmega2560/DEBUG/obj/ede_eventSender.o
 .debug_info    0x00004dcb      0x67a bin/atmega2560/DEBUG/obj/mem_malloc.o
 .debug_info    0x00005445     0x1726 bin/atmega2560/DEBUG/obj/vsq_threadSafeQueueVariableSize.o
 .debug_info    0x00006b6b      0xba5 bin/atmega2560/DEBUG/obj/vsq_dispatcherPortInterface.o
 .debug_info    0x00007710      0xe24 bin/atmega2560/DEBUG/obj/asi_arduinoSampleIntegration.o
 .debug_info    0x00008534      0x43e bin/atmega2560/DEBUG/obj/cde_stubs.o
 .debug_info    0x00008972      0x9fa bin/atmega2560/DEBUG/obj/cap_canApi.o
 .debug_info    0x0000936c     0x1c5c bin/atmega2560/DEBUG/obj/cbk_callbacks.o
 .debug_info    0x0000afc8      0x5b4 bin/atmega2560/DEBUG/obj/chk_checksum.o
 .debug_info    0x0000b57c     0x17da bin/atmega2560/DEBUG/obj/apt_applicationTask.o
 .debug_info    0x0000cd56      0xa0b bin/atmega2560/DEBUG/obj/upd_updateDisplay.o
 .debug_info    0x0000d761     0x103b bin/atmega2560/DEBUG/obj/dpy_display.o
 .debug_info    0x0000e79c      0xced bin/atmega2560/DEBUG/obj/pwr_computeEnginePower.o
 .debug_info    0x0000f489      0x8ce bin/atmega2560/DEBUG/obj/sim_simulateCanReception.o
 .debug_info    0x0000fd57      0xb7f bin/atmega2560/DEBUG/obj/csh_canShield.o
 .debug_info    0x000108d6     0x5500 bin/atmega2560/core/core.a(Print.o)
 .debug_info    0x00015dd6      0x5c8 bin/atmega2560/core/core.a(wiring.o)
 .debug_info    0x0001639e      0x80d bin/atmega2560/core/core.a(wiring_digital.o)
 .debug_info    0x00016bab     0x22a5 bin/atmega2560/core/core.a(HardwareSerial.o)
 .debug_info    0x00018e50     0x1d30 bin/atmega2560/core/core.a(HardwareSerial0.o)
 .debug_info    0x0001ab80     0x2fa8 bin/atmega2560/core/core.a(LiquidCrystal.o)
 .debug_info    0x0001db28       0xbb c:/programfiles/arduino-1.8.19/hardware/tools/avr/bin/../lib/gcc/avr/7.3.0/avr6\libgcc.a(_mulsi3.o)
 .debug_info    0x0001dbe3       0xbb c:/programfiles/arduino-1.8.19/hardware/tools/avr/bin/../lib/gcc/avr/7.3.0/avr6\libgcc.a(_udivmodhi4.o)
 .debug_info    0x0001dc9e       0xbb c:/programfiles/arduino-1.8.19/hardware/tools/avr/bin/../lib/gcc/avr/7.3.0/avr6\libgcc.a(_divmodhi4.o)
 .debug_info    0x0001dd59       0xbb c:/programfiles/arduino-1.8.19/hardware/tools/avr/bin/../lib/gcc/avr/7.3.0/avr6\libgcc.a(_udivmodsi4.o)
 .debug_info    0x0001de14       0xbb c:/programfiles/arduino-1.8.19/hardware/tools/avr/bin/../lib/gcc/avr/7.3.0/avr6\libgcc.a(_divmodsi4.o)
 .debug_info    0x0001decf       0xbb c:/programfiles/arduino-1.8.19/hardware/tools/avr/bin/../lib/gcc/avr/7.3.0/avr6\libgcc.a(_negsi2.o)
 .debug_info    0x0001df8a       0xbb c:/programfiles/arduino-1.8.19/hardware/tools/avr/bin/../lib/gcc/avr/7.3.0/avr6\libgcc.a(_exit.o)
 .debug_info    0x0001e045       0xbb c:/programfiles/arduino-1.8.19/hardware/tools/avr/bin/../lib/gcc/avr/7.3.0/avr6\libgcc.a(_tablejump2.o)
 .debug_info    0x0001e100       0xbb c:/programfiles/arduino-1.8.19/hardware/tools/avr/bin/../lib/gcc/avr/7.3.0/avr6\libgcc.a(_copy_data.o)
 .debug_info    0x0001e1bb       0xbb c:/programfiles/arduino-1.8.19/hardware/tools/avr/bin/../lib/gcc/avr/7.3.0/avr6\libgcc.a(_clear_bss.o)
 .debug_info    0x0001e276       0xbb c:/programfiles/arduino-1.8.19/hardware/tools/avr/bin/../lib/gcc/avr/7.3.0/avr6\libgcc.a(_ctors.o)
 .debug_info    0x0001e331       0xbb c:/programfiles/arduino-1.8.19/hardware/tools/avr/bin/../lib/gcc/avr/7.3.0/avr6\libgcc.a(_usmulhisi3.o)
 .debug_info    0x0001e3ec       0xbb c:/programfiles/arduino-1.8.19/hardware/tools/avr/bin/../lib/gcc/avr/7.3.0/avr6\libgcc.a(_muluhisi3.o)
 .debug_info    0x0001e4a7       0xbb c:/programfiles/arduino-1.8.19/hardware/tools/avr/bin/../lib/gcc/avr/7.3.0/avr6\libgcc.a(_umulhisi3.o)
 .debug_info    0x0001e562       0xbb c:/programfiles/arduino-1.8.19/hardware/tools/avr/bin/../lib/gcc/avr/7.3.0/avr6\libgcc.a(_mulshisi3.o)

.debug_abbrev   0x00000000     0x5a2a
 *(.debug_abbrev)
 .debug_abbrev  0x00000000      0xb1a c:/programfiles/arduino-1.8.19/hardware/tools/avr/bin/../lib/gcc/avr/7.3.0/../../../../avr/lib/avr6/crtatmega2560.o
 .debug_abbrev  0x00000b1a       0xfd bin/atmega2560/DEBUG/obj/main.o
 .debug_abbrev  0x00000c17      0x192 bin/atmega2560/DEBUG/obj/gsl_systemLoad.o
 .debug_abbrev  0x00000da9      0x386 bin/atmega2560/DEBUG/obj/rtos.o
 .debug_abbrev  0x0000112f      0x2df bin/atmega2560/DEBUG/obj/stdout.o
 .debug_abbrev  0x0000140e      0x3b6 bin/atmega2560/DEBUG/obj/ede_eventDispatcherEngine.o
 .debug_abbrev  0x000017c4      0x307 bin/atmega2560/DEBUG/obj/ede_eventSender.o
 .debug_abbrev  0x00001acb      0x1ea bin/atmega2560/DEBUG/obj/mem_malloc.o
 .debug_abbrev  0x00001cb5      0x394 bin/atmega2560/DEBUG/obj/vsq_threadSafeQueueVariableSize.o
 .debug_abbrev  0x00002049      0x334 bin/atmega2560/DEBUG/obj/vsq_dispatcherPortInterface.o
 .debug_abbrev  0x0000237d      0x2a8 bin/atmega2560/DEBUG/obj/asi_arduinoSampleIntegration.o
 .debug_abbrev  0x00002625      0x208 bin/atmega2560/DEBUG/obj/cde_stubs.o
 .debug_abbrev  0x0000282d      0x188 bin/atmega2560/DEBUG/obj/cap_canApi.o
 .debug_abbrev  0x000029b5      0x2ec bin/atmega2560/DEBUG/obj/cbk_callbacks.o
 .debug_abbrev  0x00002ca1      0x20b bin/atmega2560/DEBUG/obj/chk_checksum.o
 .debug_abbrev  0x00002eac      0x34e bin/atmega2560/DEBUG/obj/apt_applicationTask.o
 .debug_abbrev  0x000031fa      0x1b7 bin/atmega2560/DEBUG/obj/upd_updateDisplay.o
 .debug_abbrev  0x000033b1      0x46c bin/atmega2560/DEBUG/obj/dpy_display.o
 .debug_abbrev  0x0000381d      0x1fc bin/atmega2560/DEBUG/obj/pwr_computeEnginePower.o
 .debug_abbrev  0x00003a19      0x2a7 bin/atmega2560/DEBUG/obj/sim_simulateCanReception.o
 .debug_abbrev  0x00003cc0      0x33b bin/atmega2560/DEBUG/obj/csh_canShield.o
 .debug_abbrev  0x00003ffb      0x55e bin/atmega2560/core/core.a(Print.o)
 .debug_abbrev  0x00004559      0x2a3 bin/atmega2560/core/core.a(wiring.o)
 .debug_abbrev  0x000047fc      0x26b bin/atmega2560/core/core.a(wiring_digital.o)
 .debug_abbrev  0x00004a67      0x537 bin/atmega2560/core/core.a(HardwareSerial.o)
 .debug_abbrev  0x00004f9e      0x44e bin/atmega2560/core/core.a(HardwareSerial0.o)
 .debug_abbrev  0x000053ec      0x512 bin/atmega2560/core/core.a(LiquidCrystal.o)
 .debug_abbrev  0x000058fe       0x14 c:/programfiles/arduino-1.8.19/hardware/tools/avr/bin/../lib/gcc/avr/7.3.0/avr6\libgcc.a(_mulsi3.o)
 .debug_abbrev  0x00005912       0x14 c:/programfiles/arduino-1.8.19/hardware/tools/avr/bin/../lib/gcc/avr/7.3.0/avr6\libgcc.a(_udivmodhi4.o)
 .debug_abbrev  0x00005926       0x14 c:/programfiles/arduino-1.8.19/hardware/tools/avr/bin/../lib/gcc/avr/7.3.0/avr6\libgcc.a(_divmodhi4.o)
 .debug_abbrev  0x0000593a       0x14 c:/programfiles/arduino-1.8.19/hardware/tools/avr/bin/../lib/gcc/avr/7.3.0/avr6\libgcc.a(_udivmodsi4.o)
 .debug_abbrev  0x0000594e       0x14 c:/programfiles/arduino-1.8.19/hardware/tools/avr/bin/../lib/gcc/avr/7.3.0/avr6\libgcc.a(_divmodsi4.o)
 .debug_abbrev  0x00005962       0x14 c:/programfiles/arduino-1.8.19/hardware/tools/avr/bin/../lib/gcc/avr/7.3.0/avr6\libgcc.a(_negsi2.o)
 .debug_abbrev  0x00005976       0x14 c:/programfiles/arduino-1.8.19/hardware/tools/avr/bin/../lib/gcc/avr/7.3.0/avr6\libgcc.a(_exit.o)
 .debug_abbrev  0x0000598a       0x14 c:/programfiles/arduino-1.8.19/hardware/tools/avr/bin/../lib/gcc/avr/7.3.0/avr6\libgcc.a(_tablejump2.o)
 .debug_abbrev  0x0000599e       0x14 c:/programfiles/arduino-1.8.19/hardware/tools/avr/bin/../lib/gcc/avr/7.3.0/avr6\libgcc.a(_copy_data.o)
 .debug_abbrev  0x000059b2       0x14 c:/programfiles/arduino-1.8.19/hardware/tools/avr/bin/../lib/gcc/avr/7.3.0/avr6\libgcc.a(_clear_bss.o)
 .debug_abbrev  0x000059c6       0x14 c:/programfiles/arduino-1.8.19/hardware/tools/avr/bin/../lib/gcc/avr/7.3.0/avr6\libgcc.a(_ctors.o)
 .debug_abbrev  0x000059da       0x14 c:/programfiles/arduino-1.8.19/hardware/tools/avr/bin/../lib/gcc/avr/7.3.0/avr6\libgcc.a(_usmulhisi3.o)
 .debug_abbrev  0x000059ee       0x14 c:/programfiles/arduino-1.8.19/hardware/tools/avr/bin/../lib/gcc/avr/7.3.0/avr6\libgcc.a(_muluhisi3.o)
 .debug_abbrev  0x00005a02       0x14 c:/programfiles/arduino-1.8.19/hardware/tools/avr/bin/../lib/gcc/avr/7.3.0/avr6\libgcc.a(_umulhisi3.o)
 .debug_abbrev  0x00005a16       0x14 c:/programfiles/arduino-1.8.19/hardware/tools/avr/bin/../lib/gcc/avr/7.3.0/avr6\libgcc.a(_mulshisi3.o)

.debug_line     0x00000000     0xcd58
 *(.debug_line .debug_line.* .debug_line_end)
 .debug_line    0x00000000       0x1a c:/programfiles/arduino-1.8.19/hardware/tools/avr/bin/../lib/gcc/avr/7.3.0/../../../../avr/lib/avr6/crtatmega2560.o
 .debug_line    0x0000001a      0x2fb bin/atmega2560/DEBUG/obj/main.o
 .debug_line    0x00000315      0x37a bin/atmega2560/DEBUG/obj/gsl_systemLoad.o
 .debug_line    0x0000068f      0x960 bin/atmega2560/DEBUG/obj/rtos.o
 .debug_line    0x00000fef      0x43e bin/atmega2560/DEBUG/obj/stdout.o
 .debug_line    0x0000142d     0x1011 bin/atmega2560/DEBUG/obj/ede_eventDispatcherEngine.o
 .debug_line    0x0000243e      0x697 bin/atmega2560/DEBUG/obj/ede_eventSender.o
 .debug_line    0x00002ad5      0x4d0 bin/atmega2560/DEBUG/obj/mem_malloc.o
 .debug_line    0x00002fa5      0xc00 bin/atmega2560/DEBUG/obj/vsq_threadSafeQueueVariableSize.o
 .debug_line    0x00003ba5      0x59a bin/atmega2560/DEBUG/obj/vsq_dispatcherPortInterface.o
 .debug_line    0x0000413f      0x7a2 bin/atmega2560/DEBUG/obj/asi_arduinoSampleIntegration.o
 .debug_line    0x000048e1      0x440 bin/atmega2560/DEBUG/obj/cde_stubs.o
 .debug_line    0x00004d21      0x4e6 bin/atmega2560/DEBUG/obj/cap_canApi.o
 .debug_line    0x00005207      0xc78 bin/atmega2560/DEBUG/obj/cbk_callbacks.o
 .debug_line    0x00005e7f      0x4bf bin/atmega2560/DEBUG/obj/chk_checksum.o
 .debug_line    0x0000633e      0xafe bin/atmega2560/DEBUG/obj/apt_applicationTask.o
 .debug_line    0x00006e3c      0x629 bin/atmega2560/DEBUG/obj/upd_updateDisplay.o
 .debug_line    0x00007465      0x7bb bin/atmega2560/DEBUG/obj/dpy_display.o
 .debug_line    0x00007c20      0x92f bin/atmega2560/DEBUG/obj/pwr_computeEnginePower.o
 .debug_line    0x0000854f      0x613 bin/atmega2560/DEBUG/obj/sim_simulateCanReception.o
 .debug_line    0x00008b62      0x83e bin/atmega2560/DEBUG/obj/csh_canShield.o
 .debug_line    0x000093a0     0x12c1 bin/atmega2560/core/core.a(Print.o)
 .debug_line    0x0000a661      0x3fe bin/atmega2560/core/core.a(wiring.o)
 .debug_line    0x0000aa5f      0x3cf bin/atmega2560/core/core.a(wiring_digital.o)
 .debug_line    0x0000ae2e      0x5e0 bin/atmega2560/core/core.a(HardwareSerial.o)
 .debug_line    0x0000b40e      0x292 bin/atmega2560/core/core.a(HardwareSerial0.o)
 .debug_line    0x0000b6a0      0xd28 bin/atmega2560/core/core.a(LiquidCrystal.o)
 .debug_line    0x0000c3c8       0xb0 c:/programfiles/arduino-1.8.19/hardware/tools/avr/bin/../lib/gcc/avr/7.3.0/avr6\libgcc.a(_mulsi3.o)
 .debug_line    0x0000c478       0xce c:/programfiles/arduino-1.8.19/hardware/tools/avr/bin/../lib/gcc/avr/7.3.0/avr6\libgcc.a(_udivmodhi4.o)
 .debug_line    0x0000c546       0xc8 c:/programfiles/arduino-1.8.19/hardware/tools/avr/bin/../lib/gcc/avr/7.3.0/avr6\libgcc.a(_divmodhi4.o)
 .debug_line    0x0000c60e      0x122 c:/programfiles/arduino-1.8.19/hardware/tools/avr/bin/../lib/gcc/avr/7.3.0/avr6\libgcc.a(_udivmodsi4.o)
 .debug_line    0x0000c730       0xce c:/programfiles/arduino-1.8.19/hardware/tools/avr/bin/../lib/gcc/avr/7.3.0/avr6\libgcc.a(_divmodsi4.o)
 .debug_line    0x0000c7fe       0x62 c:/programfiles/arduino-1.8.19/hardware/tools/avr/bin/../lib/gcc/avr/7.3.0/avr6\libgcc.a(_negsi2.o)
 .debug_line    0x0000c860       0x62 c:/programfiles/arduino-1.8.19/hardware/tools/avr/bin/../lib/gcc/avr/7.3.0/avr6\libgcc.a(_exit.o)
 .debug_line    0x0000c8c2       0x86 c:/programfiles/arduino-1.8.19/hardware/tools/avr/bin/../lib/gcc/avr/7.3.0/avr6\libgcc.a(_tablejump2.o)
 .debug_line    0x0000c948       0xa4 c:/programfiles/arduino-1.8.19/hardware/tools/avr/bin/../lib/gcc/avr/7.3.0/avr6\libgcc.a(_copy_data.o)
 .debug_line    0x0000c9ec       0x86 c:/programfiles/arduino-1.8.19/hardware/tools/avr/bin/../lib/gcc/avr/7.3.0/avr6\libgcc.a(_clear_bss.o)
 .debug_line    0x0000ca72       0xb0 c:/programfiles/arduino-1.8.19/hardware/tools/avr/bin/../lib/gcc/avr/7.3.0/avr6\libgcc.a(_ctors.o)
 .debug_line    0x0000cb22       0x7a c:/programfiles/arduino-1.8.19/hardware/tools/avr/bin/../lib/gcc/avr/7.3.0/avr6\libgcc.a(_usmulhisi3.o)
 .debug_line    0x0000cb9c       0x92 c:/programfiles/arduino-1.8.19/hardware/tools/avr/bin/../lib/gcc/avr/7.3.0/avr6\libgcc.a(_muluhisi3.o)
 .debug_line    0x0000cc2e       0xb0 c:/programfiles/arduino-1.8.19/hardware/tools/avr/bin/../lib/gcc/avr/7.3.0/avr6\libgcc.a(_umulhisi3.o)
 .debug_line    0x0000ccde       0x7a c:/programfiles/arduino-1.8.19/hardware/tools/avr/bin/../lib/gcc/avr/7.3.0/avr6\libgcc.a(_mulshisi3.o)

.debug_frame    0x00000000     0x2f9c
 *(.debug_frame)
 .debug_frame   0x00000000       0x34 bin/atmega2560/DEBUG/obj/main.o
 .debug_frame   0x00000034       0x84 bin/atmega2560/DEBUG/obj/gsl_systemLoad.o
 .debug_frame   0x000000b8      0x198 bin/atmega2560/DEBUG/obj/rtos.o
 .debug_frame   0x00000250       0x64 bin/atmega2560/DEBUG/obj/stdout.o
 .debug_frame   0x000002b4      0x578 bin/atmega2560/DEBUG/obj/ede_eventDispatcherEngine.o
 .debug_frame   0x0000082c      0x1d8 bin/atmega2560/DEBUG/obj/ede_eventSender.o
 .debug_frame   0x00000a04       0xa4 bin/atmega2560/DEBUG/obj/mem_malloc.o
 .debug_frame   0x00000aa8      0x324 bin/atmega2560/DEBUG/obj/vsq_threadSafeQueueVariableSize.o
 .debug_frame   0x00000dcc      0x1e0 bin/atmega2560/DEBUG/obj/vsq_dispatcherPortInterface.o
 .debug_frame   0x00000fac      0x1a8 bin/atmega2560/DEBUG/obj/asi_arduinoSampleIntegration.o
 .debug_frame   0x00001154       0x44 bin/atmega2560/DEBUG/obj/cde_stubs.o
 .debug_frame   0x00001198       0x8c bin/atmega2560/DEBUG/obj/cap_canApi.o
 .debug_frame   0x00001224      0x314 bin/atmega2560/DEBUG/obj/cbk_callbacks.o
 .debug_frame   0x00001538       0xb8 bin/atmega2560/DEBUG/obj/chk_checksum.o
 .debug_frame   0x000015f0      0x200 bin/atmega2560/DEBUG/obj/apt_applicationTask.o
 .debug_frame   0x000017f0       0x44 bin/atmega2560/DEBUG/obj/upd_updateDisplay.o
 .debug_frame   0x00001834      0x214 bin/atmega2560/DEBUG/obj/dpy_display.o
 .debug_frame   0x00001a48      0x214 bin/atmega2560/DEBUG/obj/pwr_computeEnginePower.o
 .debug_frame   0x00001c5c       0x68 bin/atmega2560/DEBUG/obj/sim_simulateCanReception.o
 .debug_frame   0x00001cc4      0x350 bin/atmega2560/DEBUG/obj/csh_canShield.o
 .debug_frame   0x00002014      0x7f0 bin/atmega2560/core/core.a(Print.o)
 .debug_frame   0x00002804       0xd4 bin/atmega2560/core/core.a(wiring.o)
 .debug_frame   0x000028d8       0x50 bin/atmega2560/core/core.a(wiring_digital.o)
 .debug_frame   0x00002928       0xf8 bin/atmega2560/core/core.a(HardwareSerial.o)
 .debug_frame   0x00002a20       0xd4 bin/atmega2560/core/core.a(HardwareSerial0.o)
 .debug_frame   0x00002af4      0x4a8 bin/atmega2560/core/core.a(LiquidCrystal.o)

.debug_str      0x00000000    0x19485
 *(.debug_str)
 .debug_str     0x00000000      0x3e6 c:/programfiles/arduino-1.8.19/hardware/tools/avr/bin/../lib/gcc/avr/7.3.0/../../../../avr/lib/avr6/crtatmega2560.o
 .debug_str     0x000003e6     0xed9b bin/atmega2560/DEBUG/obj/main.o
                               0xeee8 (size before relaxing)
 .debug_str     0x0000f181      0x658 bin/atmega2560/DEBUG/obj/gsl_systemLoad.o
                               0xec96 (size before relaxing)
 .debug_str     0x0000f7d9      0xc5d bin/atmega2560/DEBUG/obj/rtos.o
                              0x10140 (size before relaxing)
 .debug_str     0x00010436      0xea1 bin/atmega2560/DEBUG/obj/stdout.o
                               0xf6e3 (size before relaxing)
 .debug_str     0x000112d7     0x12b2 bin/atmega2560/DEBUG/obj/ede_eventDispatcherEngine.o
                              0x10045 (size before relaxing)
 .debug_str     0x00012589      0x250 bin/atmega2560/DEBUG/obj/ede_eventSender.o
                               0xfa74 (size before relaxing)
 .debug_str     0x000127d9      0x376 bin/atmega2560/DEBUG/obj/mem_malloc.o
                               0xf5e5 (size before relaxing)
 .debug_str     0x00012b4f      0x70a bin/atmega2560/DEBUG/obj/vsq_threadSafeQueueVariableSize.o
                               0xf9db (size before relaxing)
 .debug_str     0x00013259      0x1f8 bin/atmega2560/DEBUG/obj/vsq_dispatcherPortInterface.o
                               0xf75a (size before relaxing)
 .debug_str     0x00013451     0x1f26 bin/atmega2560/DEBUG/obj/asi_arduinoSampleIntegration.o
                              0x11fcf (size before relaxing)
 .debug_str     0x00015377      0x127 bin/atmega2560/DEBUG/obj/cde_stubs.o
                               0xf874 (size before relaxing)
 .debug_str     0x0001549e      0x227 bin/atmega2560/DEBUG/obj/cap_canApi.o
                              0x1030e (size before relaxing)
 .debug_str     0x000156c5      0x415 bin/atmega2560/DEBUG/obj/cbk_callbacks.o
                              0x11aab (size before relaxing)
 .debug_str     0x00015ada       0x54 bin/atmega2560/DEBUG/obj/chk_checksum.o
                               0xed42 (size before relaxing)
 .debug_str     0x00015b2e      0x753 bin/atmega2560/DEBUG/obj/apt_applicationTask.o
                              0x1210d (size before relaxing)
 .debug_str     0x00016281       0xe5 bin/atmega2560/DEBUG/obj/upd_updateDisplay.o
                              0x1177c (size before relaxing)
 .debug_str     0x00016366      0x6fd bin/atmega2560/DEBUG/obj/dpy_display.o
                              0x107bb (size before relaxing)
 .debug_str     0x00016a63      0x225 bin/atmega2560/DEBUG/obj/pwr_computeEnginePower.o
                              0x109a6 (size before relaxing)
 .debug_str     0x00016c88      0x712 bin/atmega2560/DEBUG/obj/sim_simulateCanReception.o
                               0xf4b5 (size before relaxing)
 .debug_str     0x0001739a      0x142 bin/atmega2560/DEBUG/obj/csh_canShield.o
                               0xef81 (size before relaxing)
 .debug_str     0x000174dc      0xf9f bin/atmega2560/core/core.a(Print.o)
                               0x131b (size before relaxing)
 .debug_str     0x0001847b       0x97 bin/atmega2560/core/core.a(wiring.o)
                                0x40a (size before relaxing)
 .debug_str     0x00018512       0x7d bin/atmega2560/core/core.a(wiring_digital.o)
                                0x3e3 (size before relaxing)
 .debug_str     0x0001858f      0x897 bin/atmega2560/core/core.a(HardwareSerial.o)
                               0x17bc (size before relaxing)
 .debug_str     0x00018e26       0xc3 bin/atmega2560/core/core.a(HardwareSerial0.o)
                               0x151f (size before relaxing)
 .debug_str     0x00018ee9      0x59c bin/atmega2560/core/core.a(LiquidCrystal.o)
                                0xa32 (size before relaxing)

.debug_loc      0x00000000    0x16fbe
 *(.debug_loc)
 .debug_loc     0x00000000      0x20f bin/atmega2560/DEBUG/obj/gsl_systemLoad.o
 .debug_loc     0x0000020f      0xeba bin/atmega2560/DEBUG/obj/rtos.o
 .debug_loc     0x000010c9      0x267 bin/atmega2560/DEBUG/obj/stdout.o
 .debug_loc     0x00001330     0x24c5 bin/atmega2560/DEBUG/obj/ede_eventDispatcherEngine.o
 .debug_loc     0x000037f5      0xdee bin/atmega2560/DEBUG/obj/ede_eventSender.o
 .debug_loc     0x000045e3      0x4cd bin/atmega2560/DEBUG/obj/mem_malloc.o
 .debug_loc     0x00004ab0     0x1aef bin/atmega2560/DEBUG/obj/vsq_threadSafeQueueVariableSize.o
 .debug_loc     0x0000659f      0x97e bin/atmega2560/DEBUG/obj/vsq_dispatcherPortInterface.o
 .debug_loc     0x00006f1d      0x5bf bin/atmega2560/DEBUG/obj/asi_arduinoSampleIntegration.o
 .debug_loc     0x000074dc       0xb0 bin/atmega2560/DEBUG/obj/cde_stubs.o
 .debug_loc     0x0000758c      0x2ad bin/atmega2560/DEBUG/obj/cap_canApi.o
 .debug_loc     0x00007839      0xd19 bin/atmega2560/DEBUG/obj/cbk_callbacks.o
 .debug_loc     0x00008552      0x580 bin/atmega2560/DEBUG/obj/chk_checksum.o
 .debug_loc     0x00008ad2      0x8d4 bin/atmega2560/DEBUG/obj/apt_applicationTask.o
 .debug_loc     0x000093a6       0xfd bin/atmega2560/DEBUG/obj/upd_updateDisplay.o
 .debug_loc     0x000094a3      0x7ea bin/atmega2560/DEBUG/obj/dpy_display.o
 .debug_loc     0x00009c8d      0xd69 bin/atmega2560/DEBUG/obj/pwr_computeEnginePower.o
 .debug_loc     0x0000a9f6      0x320 bin/atmega2560/DEBUG/obj/sim_simulateCanReception.o
 .debug_loc     0x0000ad16      0xe65 bin/atmega2560/DEBUG/obj/csh_canShield.o
 .debug_loc     0x0000bb7b     0x7a5c bin/atmega2560/core/core.a(Print.o)
 .debug_loc     0x000135d7      0x274 bin/atmega2560/core/core.a(wiring.o)
 .debug_loc     0x0001384b      0x61b bin/atmega2560/core/core.a(wiring_digital.o)
 .debug_loc     0x00013e66      0x4fb bin/atmega2560/core/core.a(HardwareSerial.o)
 .debug_loc     0x00014361      0x164 bin/atmega2560/core/core.a(HardwareSerial0.o)
 .debug_loc     0x000144c5     0x2af9 bin/atmega2560/core/core.a(LiquidCrystal.o)

.debug_macinfo
 *(.debug_macinfo)

.debug_weaknames
 *(.debug_weaknames)

.debug_funcnames
 *(.debug_funcnames)

.debug_typenames
 *(.debug_typenames)

.debug_varnames
 *(.debug_varnames)

.debug_pubtypes
 *(.debug_pubtypes)

.debug_ranges   0x00000000     0x1cd8
 *(.debug_ranges)
 .debug_ranges  0x00000000       0x18 bin/atmega2560/DEBUG/obj/main.o
 .debug_ranges  0x00000018       0x10 bin/atmega2560/DEBUG/obj/gsl_systemLoad.o
 .debug_ranges  0x00000028      0x118 bin/atmega2560/DEBUG/obj/rtos.o
 .debug_ranges  0x00000140       0x38 bin/atmega2560/DEBUG/obj/stdout.o
 .debug_ranges  0x00000178      0x1b0 bin/atmega2560/DEBUG/obj/ede_eventDispatcherEngine.o
 .debug_ranges  0x00000328       0x70 bin/atmega2560/DEBUG/obj/ede_eventSender.o
 .debug_ranges  0x00000398       0x28 bin/atmega2560/DEBUG/obj/mem_malloc.o
 .debug_ranges  0x000003c0      0x388 bin/atmega2560/DEBUG/obj/vsq_threadSafeQueueVariableSize.o
 .debug_ranges  0x00000748       0x50 bin/atmega2560/DEBUG/obj/vsq_dispatcherPortInterface.o
 .debug_ranges  0x00000798       0x30 bin/atmega2560/DEBUG/obj/asi_arduinoSampleIntegration.o
 .debug_ranges  0x000007c8       0x10 bin/atmega2560/DEBUG/obj/cde_stubs.o
 .debug_ranges  0x000007d8       0x38 bin/atmega2560/DEBUG/obj/cap_canApi.o
 .debug_ranges  0x00000810       0xd0 bin/atmega2560/DEBUG/obj/cbk_callbacks.o
 .debug_ranges  0x000008e0       0x28 bin/atmega2560/DEBUG/obj/chk_checksum.o
 .debug_ranges  0x00000908       0x58 bin/atmega2560/DEBUG/obj/apt_applicationTask.o
 .debug_ranges  0x00000960       0x10 bin/atmega2560/DEBUG/obj/upd_updateDisplay.o
 .debug_ranges  0x00000970       0x90 bin/atmega2560/DEBUG/obj/dpy_display.o
 .debug_ranges  0x00000a00       0x48 bin/atmega2560/DEBUG/obj/pwr_computeEnginePower.o
 .debug_ranges  0x00000a48       0x90 bin/atmega2560/DEBUG/obj/sim_simulateCanReception.o
 .debug_ranges  0x00000ad8       0x98 bin/atmega2560/DEBUG/obj/csh_canShield.o
 .debug_ranges  0x00000b70      0xde0 bin/atmega2560/core/core.a(Print.o)
 .debug_ranges  0x00001950       0x38 bin/atmega2560/core/core.a(wiring.o)